Archive member included to satisfy reference by file (symbol)

c:/program files/microchip/xc32/v4.35/bin/bin/../../lib/gcc/pic32c/8.3.1/../../../../pic32c/lib/thumb/v7e-m+fp/hard\libpic32c.a(data_init.o)
                              build/default/production/_ext/1171490990/startup_xc32.o (__pic32c_data_initialization)
c:/program files/microchip/xc32/v4.35/bin/bin/../../lib/gcc/pic32c/8.3.1/../../../../pic32c/lib/thumb/v7e-m+fp/hard\libm-fast-emfloat.a(__aeabi_dadd.o)
                              build/default/production/_ext/1033058136/iperf.o (__aeabi_dadd)
c:/program files/microchip/xc32/v4.35/bin/bin/../../lib/gcc/pic32c/8.3.1/../../../../pic32c/lib/thumb/v7e-m+fp/hard\libm-fast-emfloat.a(__aeabi_dsub.o)
                              build/default/production/_ext/1033058136/iperf.o (__aeabi_dsub)
c:/program files/microchip/xc32/v4.35/bin/bin/../../lib/gcc/pic32c/8.3.1/../../../../pic32c/lib/thumb/v7e-m+fp/hard\libm-fast-emfloat.a(__aeabi_dmul.o)
                              build/default/production/_ext/1033058136/iperf.o (__aeabi_dmul)
c:/program files/microchip/xc32/v4.35/bin/bin/../../lib/gcc/pic32c/8.3.1/../../../../pic32c/lib/thumb/v7e-m+fp/hard\libm-fast-emfloat.a(__aeabi_ddiv.o)
                              build/default/production/_ext/1033058136/iperf.o (__aeabi_ddiv)
c:/program files/microchip/xc32/v4.35/bin/bin/../../lib/gcc/pic32c/8.3.1/../../../../pic32c/lib/thumb/v7e-m+fp/hard\libm-fast-emfloat.a(__aeabi_dcmpgt.o)
                              build/default/production/_ext/1033058136/iperf.o (__aeabi_dcmpgt)
c:/program files/microchip/xc32/v4.35/bin/bin/../../lib/gcc/pic32c/8.3.1/../../../../pic32c/lib/thumb/v7e-m+fp/hard\libm-fast-emfloat.a(__aeabi_d2uiz.o)
                              build/default/production/_ext/1033058136/iperf.o (__aeabi_d2uiz)
c:/program files/microchip/xc32/v4.35/bin/bin/../../lib/gcc/pic32c/8.3.1/../../../../pic32c/lib/thumb/v7e-m+fp/hard\libm-fast-emfloat.a(__aeabi_i2d.o)
                              build/default/production/_ext/1033058136/iperf.o (__aeabi_i2d)
c:/program files/microchip/xc32/v4.35/bin/bin/../../lib/gcc/pic32c/8.3.1/../../../../pic32c/lib/thumb/v7e-m+fp/hard\libm-fast-emfloat.a(__aeabi_ui2d.o)
                              build/default/production/_ext/1033058136/iperf.o (__aeabi_ui2d)
c:/program files/microchip/xc32/v4.35/bin/bin/../../lib/gcc/pic32c/8.3.1/../../../../pic32c/lib/thumb/v7e-m+fp/hard\libc-musl.a(isxdigit.o)
                              build/default/production/_ext/1033058136/tcpip_helpers.o (isxdigit)
c:/program files/microchip/xc32/v4.35/bin/bin/../../lib/gcc/pic32c/8.3.1/../../../../pic32c/lib/thumb/v7e-m+fp/hard\libc-musl.a(tolower.o)
                              build/default/production/_ext/1033058136/helpers.o (tolower)
c:/program files/microchip/xc32/v4.35/bin/bin/../../lib/gcc/pic32c/8.3.1/../../../../pic32c/lib/thumb/v7e-m+fp/hard\libc-musl.a(toupper.o)
                              build/default/production/_ext/1033058136/tcpip_helpers.o (toupper)
c:/program files/microchip/xc32/v4.35/bin/bin/../../lib/gcc/pic32c/8.3.1/../../../../pic32c/lib/thumb/v7e-m+fp/hard\libc-musl.a(__libc_start_main.o)
                              build/default/production/_ext/1171490990/startup_xc32.o (__libc_init_array)
c:/program files/microchip/xc32/v4.35/bin/bin/../../lib/gcc/pic32c/8.3.1/../../../../pic32c/lib/thumb/v7e-m+fp/hard\libc-musl.a(libc.o)
                              c:/program files/microchip/xc32/v4.35/bin/bin/../../lib/gcc/pic32c/8.3.1/../../../../pic32c/lib/thumb/v7e-m+fp/hard\libc-musl.a(__libc_start_main.o) (__progname_full)
c:/program files/microchip/xc32/v4.35/bin/bin/../../lib/gcc/pic32c/8.3.1/../../../../pic32c/lib/thumb/v7e-m+fp/hard\libc-musl.a(calloc.o)
                              build/default/production/_ext/1376093119/sys_command.o (calloc)
c:/program files/microchip/xc32/v4.35/bin/bin/../../lib/gcc/pic32c/8.3.1/../../../../pic32c/lib/thumb/v7e-m+fp/hard\libc-musl.a(malloc.o)
                              build/default/production/_ext/1645245335/crypto.o (free)
c:/program files/microchip/xc32/v4.35/bin/bin/../../lib/gcc/pic32c/8.3.1/../../../../pic32c/lib/thumb/v7e-m+fp/hard\libc-musl.a(expand_heap.o)
                              c:/program files/microchip/xc32/v4.35/bin/bin/../../lib/gcc/pic32c/8.3.1/../../../../pic32c/lib/thumb/v7e-m+fp/hard\libc-musl.a(malloc.o) (__expand_heap)
c:/program files/microchip/xc32/v4.35/bin/bin/../../lib/gcc/pic32c/8.3.1/../../../../pic32c/lib/thumb/v7e-m+fp/hard\libc-musl.a(rand.o)
                              build/default/production/_ext/1664057780/random.o (srand)
c:/program files/microchip/xc32/v4.35/bin/bin/../../lib/gcc/pic32c/8.3.1/../../../../pic32c/lib/thumb/v7e-m+fp/hard\libc-musl.a(vsnprintf.o)
                              build/default/production/_ext/181894553/drv_lan865x_api.o (vsnprintf)
[...]
Memory Configuration

Name             Origin             Length             Attributes
rom              0x00000000         0x00100000         xrl
ram              0x20000000         0x00040000         xw !r
tcm              0x03000000         0x00000000         xw
bkupram          0x47000000         0x00002000
config_00804000  0x00804000         0x00000004
config_00804004  0x00804004         0x00000004
config_00804008  0x00804008         0x00000004
*default*        0x00000000         0xffffffff

Linker script and memory map

LOAD c:/program files/microchip/xc32/v4.35/bin/bin/../../lib/gcc/pic32c/8.3.1/thumb/v7e-m+fp/hard/crti.o
LOAD c:/program files/microchip/xc32/v4.35/bin/bin/../../lib/gcc/pic32c/8.3.1/thumb/v7e-m+fp/hard/crtbegin.o
LOAD build/default/production/_ext/1645245335/crypto.o
LOAD build/default/production/_ext/1319885263/tc6.o
LOAD build/default/production/_ext/181894553/drv_lan865x_api.o
LOAD build/default/production/_ext/2070931557/drv_spi.o
LOAD build/default/production/_ext/1033058136/helpers.o
LOAD build/default/production/_ext/1033058136/tcpip_manager.o
LOAD build/default/production/_ext/1033058136/tcpip_heap_internal.o
LOAD build/default/production/_ext/1033058136/dns.o
LOAD build/default/production/_ext/1033058136/udp.o
LOAD build/default/production/_ext/1033058136/icmp.o
LOAD build/default/production/_ext/1033058136/tcpip_commands.o
LOAD build/default/production/_ext/1033058136/tcpip_notify.o
LOAD build/default/production/_ext/1033058136/tcp.o
LOAD build/default/production/_ext/1033058136/tcpip_packet.o
LOAD build/default/production/_ext/1033058136/tcpip_helpers.o
LOAD build/default/production/_ext/1033058136/ipv4.o
LOAD build/default/production/_ext/1033058136/dhcp.o
LOAD build/default/production/_ext/1033058136/hash_fnv.o
LOAD build/default/production/_ext/1033058136/oahash.o
LOAD build/default/production/_ext/1033058136/iperf.o
LOAD build/default/production/_ext/1033058136/arp.o
LOAD build/default/production/_ext/1033058136/tcpip_heap_alloc.o
LOAD build/default/production/_ext/1984496892/plib_clock.o
LOAD build/default/production/_ext/1865131932/plib_cmcc.o
LOAD build/default/production/_ext/1865161661/plib_dmac.o
LOAD build/default/production/_ext/1986646378/plib_evsys.o
LOAD build/default/production/_ext/1865468468/plib_nvic.o
LOAD build/default/production/_ext/1593096446/plib_nvmctrl.o
LOAD build/default/production/_ext/1865521619/plib_port.o
LOAD build/default/production/_ext/17022449/plib_sercom1_spi_master.o
LOAD build/default/production/_ext/504274921/plib_sercom5_usart.o
LOAD build/default/production/_ext/829342655/plib_tc0.o
LOAD build/default/production/_ext/163028504/xc32_monitor.o
LOAD build/default/production/_ext/1014039709/sys_cache.o
LOAD build/default/production/_ext/1376093119/sys_command.o
LOAD build/default/production/_ext/1832805299/sys_console.o
LOAD build/default/production/_ext/1832805299/sys_console_uart.o
LOAD build/default/production/_ext/944882569/sys_debug.o
LOAD build/default/production/_ext/14461671/sys_dma.o
LOAD build/default/production/_ext/1881668453/sys_int.o
LOAD build/default/production/_ext/1000052432/sys_reset.o
LOAD build/default/production/_ext/101884895/sys_time.o
LOAD build/default/production/_ext/753841488/sys_time_h2_adapter.o
LOAD build/default/production/_ext/753841488/sys_random_h2_adapter.o
LOAD build/default/production/_ext/1171490990/startup_xc32.o
LOAD build/default/production/_ext/1171490990/initialization.o
LOAD build/default/production/_ext/1171490990/exceptions.o
LOAD build/default/production/_ext/1171490990/libc_syscalls.o
LOAD build/default/production/_ext/1171490990/interrupts.o
LOAD build/default/production/_ext/1171490990/tasks.o
LOAD build/default/production/_ext/172253694/crypt_aes_u2238.o
LOAD build/default/production/_ext/172253694/crypt_sha512_sam6156.o
LOAD build/default/production/_ext/172253694/crypt_rng_u2242.o
LOAD build/default/production/_ext/172253694/crypt_sha224_sam11105.o
LOAD build/default/production/_ext/172253694/crypt_aes_sam6149.o
LOAD build/default/production/_ext/172253694/crypt_sha1_sam11105.o
LOAD build/default/production/_ext/172253694/crypt_ecc_ba414e.o
LOAD build/default/production/_ext/172253694/crypt_ecc_pukcl.o
LOAD build/default/production/_ext/172253694/crypt_sha256_sam6156.o
LOAD build/default/production/_ext/172253694/crypt_tdes_sam6150.o
LOAD build/default/production/_ext/172253694/crypt_wolfcryptcb.o
LOAD build/default/production/_ext/172253694/pic32mz-crypt.o
LOAD build/default/production/_ext/172253694/crypt_sha1_sam6156.o
LOAD build/default/production/_ext/172253694/crypt_sha256_sam11105.o
LOAD build/default/production/_ext/172253694/crypt_rng_sam6334.o
LOAD build/default/production/_ext/172253694/crypt_rsa_pukcl.o
LOAD build/default/production/_ext/172253694/crypt_sam_u2803.o
LOAD build/default/production/_ext/172253694/crypt_sha384_sam6156.o
LOAD build/default/production/_ext/172253694/crypt_sha224_sam6156.o
LOAD build/default/production/_ext/172253694/crypt_pukcl_functions.o
LOAD build/default/production/_ext/1664057780/pkcs12.o
LOAD build/default/production/_ext/1664057780/sp_armthumb.o
LOAD build/default/production/_ext/1664057780/evp.o
LOAD build/default/production/_ext/1664057780/md2.o
LOAD build/default/production/_ext/1664057780/kdf.o
LOAD build/default/production/_ext/1664057780/chacha.o
LOAD build/default/production/_ext/1664057780/ecc.o
LOAD build/default/production/_ext/1664057780/wc_port.o
LOAD build/default/production/_ext/1664057780/chacha20_poly1305.o
LOAD build/default/production/_ext/1664057780/blake2b.o
LOAD build/default/production/_ext/1664057780/ge_448.o
LOAD build/default/production/_ext/1664057780/sha512.o
LOAD build/default/production/_ext/1664057780/signature.o
LOAD build/default/production/_ext/1664057780/rc2.o
LOAD build/default/production/_ext/1664057780/random.o
LOAD build/default/production/_ext/1664057780/md4.o
LOAD build/default/production/_ext/1664057780/ed25519.o
LOAD build/default/production/_ext/1664057780/blake2s.o
LOAD build/default/production/_ext/1664057780/memory.o
LOAD build/default/production/_ext/1664057780/curve448.o
LOAD build/default/production/_ext/1664057780/logging.o
LOAD build/default/production/_ext/1664057780/rsa.o
LOAD build/default/production/_ext/1664057780/pwdbased.o
LOAD build/default/production/_ext/1664057780/poly1305.o
LOAD build/default/production/_ext/1664057780/sakke.o
LOAD build/default/production/_ext/1664057780/eccsi.o
LOAD build/default/production/_ext/1664057780/wolfevent.o
LOAD build/default/production/_ext/1664057780/compress.o
LOAD build/default/production/_ext/1664057780/asn.o
LOAD build/default/production/_ext/1664057780/cmac.o
LOAD build/default/production/_ext/1664057780/misc.o
LOAD build/default/production/_ext/1664057780/coding.o
LOAD build/default/production/_ext/1664057780/ecc_fp.o
LOAD build/default/production/_ext/1664057780/asm.o
LOAD build/default/production/_ext/1664057780/ripemd.o
LOAD build/default/production/_ext/1664057780/dh.o
LOAD build/default/production/_ext/1664057780/hmac.o
LOAD build/default/production/_ext/1664057780/wc_pkcs11.o
LOAD build/default/production/_ext/1664057780/error.o
LOAD build/default/production/_ext/1664057780/pkcs7.o
LOAD build/default/production/_ext/1664057780/fe_low_mem.o
LOAD build/default/production/_ext/1664057780/sha3.o
LOAD build/default/production/_ext/1664057780/camellia.o
LOAD build/default/production/_ext/1664057780/tfm.o
LOAD build/default/production/_ext/1664057780/sp_dsp32.o
LOAD build/default/production/_ext/1664057780/falcon.o
LOAD build/default/production/_ext/1664057780/siphash.o
LOAD build/default/production/_ext/1664057780/wolfmath.o
LOAD build/default/production/_ext/1664057780/srp.o
LOAD build/default/production/_ext/1664057780/sha.o
LOAD build/default/production/_ext/1664057780/sp_arm64.o
LOAD build/default/production/_ext/1664057780/sha256.o
LOAD build/default/production/_ext/1664057780/des3.o
LOAD build/default/production/_ext/1664057780/sp_cortexm.o
LOAD build/default/production/_ext/1664057780/integer.o
LOAD build/default/production/_ext/1664057780/fe_operations.o
LOAD build/default/production/_ext/1664057780/curve25519.o
LOAD build/default/production/_ext/1664057780/ed448.o
LOAD build/default/production/_ext/1664057780/cpuid.o
LOAD build/default/production/_ext/1664057780/sp_x86_64.o
LOAD build/default/production/_ext/1664057780/sp_int.o
LOAD build/default/production/_ext/1664057780/wc_dsp.o
LOAD build/default/production/_ext/1664057780/aes.o
LOAD build/default/production/_ext/1664057780/ge_operations.o
LOAD build/default/production/_ext/1664057780/ge_low_mem.o
LOAD build/default/production/_ext/1664057780/md5.o
LOAD build/default/production/_ext/1664057780/hash.o
LOAD build/default/production/_ext/1664057780/dsa.o
LOAD build/default/production/_ext/1664057780/wc_encrypt.o
LOAD build/default/production/_ext/1664057780/sp_c64.o
LOAD build/default/production/_ext/1664057780/cryptocb.o
LOAD build/default/production/_ext/1664057780/arc4.o
LOAD build/default/production/_ext/1664057780/sp_c32.o
LOAD build/default/production/_ext/1664057780/fe_448.o
LOAD build/default/production/_ext/1664057780/sp_arm32.o
LOAD build/default/production/_ext/1360937237/main.o
LOAD build/default/production/_ext/1360937237/app.o
                0x00000001                __MPLAB_BUILD = 0x1
                0x00100000                __rom_end = (ORIGIN (rom) + LENGTH (rom))
                0x20040000                __ram_end = (ORIGIN (ram) + LENGTH (ram))

.config_00804000
                0x00804000        0x4
 *(.config_00804000)
 .config_00804000
                0x00804000        0x4 build/default/production/_ext/1171490990/initialization.o
                0x00804000                __config_00804000

.config_00804004
                0x00804004        0x4
 *(.config_00804004)
 .config_00804004
                0x00804004        0x4 build/default/production/_ext/1171490990/initialization.o
                0x00804004                __config_00804004

.config_00804008
                0x00804008        0x4
 *(.config_00804008)
 .config_00804008
                0x00804008        0x4 build/default/production/_ext/1171490990/initialization.o
                0x00804008                __config_00804008

.vectors        0x00000000      0x260
                0x00000000                . = ALIGN (0x4)
                0x00000000                _sfixed = .
 *(.vectors .vectors.* .vectors_default .vectors_default.*)
 .vectors       0x00000000      0x260 build/default/production/_ext/1171490990/interrupts.o
                0x00000000                exception_table
 *(.isr_vector)
 *(.reset*)
 *(.after_vectors)

.text           0x00000260       0x20
                0x00000260                . = ALIGN (0x4)
 *(.glue_7t)
 .glue_7t       0x00000260        0x0 linker stubs
 *(.glue_7)
 .glue_7        0x00000260        0x0 linker stubs
 *(.gnu.linkonce.r.*)
 *(.ARM.extab* .gnu.linkonce.armextab.*)
 .ARM.extab     0x00000260        0x0 c:/program files/microchip/xc32/v4.35/bin/bin/../../lib/gcc/pic32c/8.3.1/thumb/v7e-m+fp/hard\libgcc.a(_udivmoddi4.o)
                0x00000260                . = ALIGN (0x4)
 *(.init)
 .init          0x00000260        0x4 c:/program files/microchip/xc32/v4.35/bin/bin/../../lib/gcc/pic32c/8.3.1/thumb/v7e-m+fp/hard/crti.o
                0x00000260                _init
 .init          0x00000264        0x8 c:/program files/microchip/xc32/v4.35/bin/bin/../../lib/gcc/pic32c/8.3.1/thumb/v7e-m+fp/hard/crtn.o
                0x0000026c                . = ALIGN (0x4)
                0x0000026c                __preinit_array_start = .
 *(.preinit_array)
                0x0000026c                __preinit_array_end = .
                0x0000026c                . = ALIGN (0x4)
                0x0000026c                __init_array_start = .
 *(SORT_BY_NAME(.init_array.*))
 *(.init_array)
 .init_array    0x0000026c        0x4 c:/program files/microchip/xc32/v4.35/bin/bin/../../lib/gcc/pic32c/8.3.1/thumb/v7e-m+fp/hard/crtbegin.o
                0x00000270                __init_array_end = .
                0x00000270                . = ALIGN (0x4)
 *crtbegin.o(.ctors)
 *(EXCLUDE_FILE(*crtend.o) .ctors)
 *(SORT_BY_NAME(.ctors.*))
 *crtend.o(.ctors)
                0x00000270                . = ALIGN (0x4)
 *(.fini)
 .fini          0x00000270        0x4 c:/program files/microchip/xc32/v4.35/bin/bin/../../lib/gcc/pic32c/8.3.1/thumb/v7e-m+fp/hard/crti.o
                0x00000270                _fini
 .fini          0x00000274        0x8 c:/program files/microchip/xc32/v4.35/bin/bin/../../lib/gcc/pic32c/8.3.1/thumb/v7e-m+fp/hard/crtn.o
                0x0000027c                . = ALIGN (0x4)
                0x0000027c                __fini_array_start = .
 *(.fini_array)
 .fini_array    0x0000027c        0x4 c:/program files/microchip/xc32/v4.35/bin/bin/../../lib/gcc/pic32c/8.3.1/thumb/v7e-m+fp/hard/crtbegin.o
 *(SORT_BY_NAME(.fini_array.*))
                0x00000280                __fini_array_end = .
 *crtbegin.o(.dtors)
 *(EXCLUDE_FILE(*crtend.o) .dtors)
 *(SORT_BY_NAME(.dtors.*))
 *crtend.o(.dtors)
                0x00000280                . = ALIGN (0x4)
                0x00000280                _efixed = .
                [!provide]                PROVIDE (__exidx_start = .)

.ARM.exidx      0x00000280        0x8
 *(.ARM.exidx* .gnu.linkonce.armexidx.*)
 .ARM.exidx     0x00000280        0x8 c:/program files/microchip/xc32/v4.35/bin/bin/../../lib/gcc/pic32c/8.3.1/thumb/v7e-m+fp/hard\libgcc.a(_udivmoddi4.o)
                [!provide]                PROVIDE (__exidx_end = .)
                0x00000288                . = ALIGN (0x4)
                0x00000288                _etext = .

.bss            0x20000000        0x0
                0x20000000                . = ALIGN (0x4)
                0x20000000                __bss_start__ = .
                0x20000000                _sbss = .
                0x20000000                _szero = .
 *(COMMON)
                0x20000000                . = ALIGN (0x4)
                0x20000000                __bss_end__ = .
                0x20000000                _ebss = .
                0x20000000                _ezero = .
                0x20000000                . = ALIGN (0x4)
                0x20000000                _end = .
                0x2003ffff                _ram_end_ = ((ORIGIN (ram) + LENGTH (ram)) - 0x1)

.bkupram_bss
 *(.bkupram_bss .bkupram_bss.*)
 *(.pbss .pbss.*)
                0x0000afa0                _min_heap_size = 0xafa0
START GROUP
LOAD c:/program files/microchip/xc32/v4.35/bin/bin/../../lib/gcc/pic32c/8.3.1/../../../../pic32c/lib/thumb/v7e-m+fp/hard\libpic32c.a
LOAD c:/program files/microchip/xc32/v4.35/bin/bin/../../lib/gcc/pic32c/8.3.1/../../../../pic32c/lib/thumb/v7e-m+fp/hard\libm-fast-emfloat.a
LOAD c:/program files/microchip/xc32/v4.35/bin/bin/../../lib/gcc/pic32c/8.3.1/../../../../pic32c/lib/thumb/v7e-m+fp/hard\libc-musl.a
LOAD c:/program files/microchip/xc32/v4.35/bin/bin/../../lib/gcc/pic32c/8.3.1/../../../../pic32c/lib/thumb/v7e-m+fp/hard\libm-fast-emfloat.a
LOAD c:/program files/microchip/xc32/v4.35/bin/bin/../../lib/gcc/pic32c/8.3.1/thumb/v7e-m+fp/hard\libgcc.a
END GROUP
LOAD c:/program files/microchip/xc32/v4.35/bin/bin/../../lib/gcc/pic32c/8.3.1/thumb/v7e-m+fp/hard/crtend.o
LOAD c:/program files/microchip/xc32/v4.35/bin/bin/../../lib/gcc/pic32c/8.3.1/thumb/v7e-m+fp/hard/crtn.o
OUTPUT(dist/default/production/10BASE-SAME51.X.production.elf elf32-littlearm)
LOAD data_init
LOAD stack

.ARM.attributes
                0x00000000       0x32
 .ARM.attributes
                0x00000000       0x1e c:/program files/microchip/xc32/v4.35/bin/bin/../../lib/gcc/pic32c/8.3.1/thumb/v7e-m+fp/hard/crti.o
 .ARM.attributes
                0x0000001e       0x34 c:/program files/microchip/xc32/v4.35/bin/bin/../../lib/gcc/pic32c/8.3.1/thumb/v7e-m+fp/hard/crtbegin.o
 .ARM.attributes
                0x00000052       0x34 build/default/production/_ext/1645245335/crypto.o
 .ARM.attributes
                0x00000086       0x34 build/default/production/_ext/1319885263/tc6.o
 .ARM.attributes
                0x000000ba       0x34 build/default/production/_ext/181894553/drv_lan865x_api.o
 .ARM.attributes
                0x000000ee       0x34 build/default/production/_ext/2070931557/drv_spi.o
 .ARM.attributes
                0x00000122       0x34 build/default/production/_ext/1033058136/helpers.o
 .ARM.attributes
                0x00000156       0x34 build/default/production/_ext/1033058136/tcpip_manager.o
 .ARM.attributes
                0x0000018a       0x34 build/default/production/_ext/1033058136/tcpip_heap_internal.o
 .ARM.attributes
                0x000001be       0x34 build/default/production/_ext/1033058136/dns.o
 .ARM.attributes
                0x000001f2       0x34 build/default/production/_ext/1033058136/udp.o
 .ARM.attributes
                0x00000226       0x34 build/default/production/_ext/1033058136/icmp.o
 .ARM.attributes
                0x0000025a       0x34 build/default/production/_ext/1033058136/tcpip_commands.o
 .ARM.attributes
                0x0000028e       0x34 build/default/production/_ext/1033058136/tcpip_notify.o
 .ARM.attributes
                0x000002c2       0x34 build/default/production/_ext/1033058136/tcp.o
 .ARM.attributes
                0x000002f6       0x34 build/default/production/_ext/1033058136/tcpip_packet.o
 .ARM.attributes
                0x0000032a       0x34 build/default/production/_ext/1033058136/tcpip_helpers.o
 .ARM.attributes
                0x0000035e       0x34 build/default/production/_ext/1033058136/ipv4.o
 .ARM.attributes
                0x00000392       0x34 build/default/production/_ext/1033058136/dhcp.o
 .ARM.attributes
                0x000003c6       0x34 build/default/production/_ext/1033058136/hash_fnv.o
 .ARM.attributes
                0x000003fa       0x34 build/default/production/_ext/1033058136/oahash.o
 .ARM.attributes
                0x0000042e       0x34 build/default/production/_ext/1033058136/iperf.o
 .ARM.attributes
                0x00000462       0x34 build/default/production/_ext/1033058136/arp.o
 .ARM.attributes
                0x00000496       0x34 build/default/production/_ext/1033058136/tcpip_heap_alloc.o
 .ARM.attributes
                0x000004ca       0x34 build/default/production/_ext/1984496892/plib_clock.o
 .ARM.attributes
                0x000004fe       0x34 build/default/production/_ext/1865131932/plib_cmcc.o
 .ARM.attributes
                0x00000532       0x34 build/default/production/_ext/1865161661/plib_dmac.o
 .ARM.attributes
                0x00000566       0x34 build/default/production/_ext/1986646378/plib_evsys.o
 .ARM.attributes
                0x0000059a       0x34 build/default/production/_ext/1865468468/plib_nvic.o
 .ARM.attributes
                0x000005ce       0x34 build/default/production/_ext/1593096446/plib_nvmctrl.o
 .ARM.attributes
                0x00000602       0x34 build/default/production/_ext/1865521619/plib_port.o
 .ARM.attributes
                0x00000636       0x34 build/default/production/_ext/17022449/plib_sercom1_spi_master.o
 .ARM.attributes
                0x0000066a       0x34 build/default/production/_ext/504274921/plib_sercom5_usart.o
 .ARM.attributes
                0x0000069e       0x34 build/default/production/_ext/829342655/plib_tc0.o
 .ARM.attributes
                0x000006d2       0x34 build/default/production/_ext/163028504/xc32_monitor.o
 .ARM.attributes
                0x00000706       0x34 build/default/production/_ext/1014039709/sys_cache.o
 .ARM.attributes
                0x0000073a       0x34 build/default/production/_ext/1376093119/sys_command.o
 .ARM.attributes
                0x0000076e       0x34 build/default/production/_ext/1832805299/sys_console.o
 .ARM.attributes
                0x000007a2       0x34 build/default/production/_ext/1832805299/sys_console_uart.o
 .ARM.attributes
                0x000007d6       0x34 build/default/production/_ext/944882569/sys_debug.o
 .ARM.attributes
                0x0000080a       0x34 build/default/production/_ext/14461671/sys_dma.o
 .ARM.attributes
                0x0000083e       0x34 build/default/production/_ext/1881668453/sys_int.o
 .ARM.attributes
                0x00000872       0x34 build/default/production/_ext/1000052432/sys_reset.o
 .ARM.attributes
                0x000008a6       0x34 build/default/production/_ext/101884895/sys_time.o
 .ARM.attributes
                0x000008da       0x34 build/default/production/_ext/753841488/sys_time_h2_adapter.o
 .ARM.attributes
                0x0000090e       0x34 build/default/production/_ext/753841488/sys_random_h2_adapter.o
 .ARM.attributes
                0x00000942       0x34 build/default/production/_ext/1171490990/startup_xc32.o
 .ARM.attributes
                0x00000976       0x34 build/default/production/_ext/1171490990/initialization.o
 .ARM.attributes
                0x000009aa       0x34 build/default/production/_ext/1171490990/exceptions.o
 .ARM.attributes
                0x000009de       0x34 build/default/production/_ext/1171490990/libc_syscalls.o
 .ARM.attributes
                0x00000a12       0x34 build/default/production/_ext/1171490990/interrupts.o
 .ARM.attributes
                0x00000a46       0x34 build/default/production/_ext/1171490990/tasks.o
 .ARM.attributes
                0x00000a7a       0x39 build/default/production/_ext/172253694/crypt_aes_u2238.o
 .ARM.attributes
                0x00000ab3       0x39 build/default/production/_ext/172253694/crypt_sha512_sam6156.o
 .ARM.attributes
                0x00000aec       0x39 build/default/production/_ext/172253694/crypt_rng_u2242.o
 .ARM.attributes
                0x00000b25       0x39 build/default/production/_ext/172253694/crypt_sha224_sam11105.o
 .ARM.attributes
                0x00000b5e       0x39 build/default/production/_ext/172253694/crypt_aes_sam6149.o
 .ARM.attributes
                0x00000b97       0x39 build/default/production/_ext/172253694/crypt_sha1_sam11105.o
 .ARM.attributes
                0x00000bd0       0x39 build/default/production/_ext/172253694/crypt_ecc_ba414e.o
 .ARM.attributes
                0x00000c09       0x39 build/default/production/_ext/172253694/crypt_ecc_pukcl.o
 .ARM.attributes
                0x00000c42       0x39 build/default/production/_ext/172253694/crypt_sha256_sam6156.o
 .ARM.attributes
                0x00000c7b       0x39 build/default/production/_ext/172253694/crypt_tdes_sam6150.o
 .ARM.attributes
                0x00000cb4       0x34 build/default/production/_ext/172253694/crypt_wolfcryptcb.o
 .ARM.attributes
                0x00000ce8       0x39 build/default/production/_ext/172253694/pic32mz-crypt.o
 .ARM.attributes
                0x00000d21       0x39 build/default/production/_ext/172253694/crypt_sha1_sam6156.o
 .ARM.attributes
                0x00000d5a       0x39 build/default/production/_ext/172253694/crypt_sha256_sam11105.o
 .ARM.attributes
                0x00000d93       0x39 build/default/production/_ext/172253694/crypt_rng_sam6334.o
 .ARM.attributes
                0x00000dcc       0x39 build/default/production/_ext/172253694/crypt_rsa_pukcl.o
 .ARM.attributes
                0x00000e05       0x39 build/default/production/_ext/172253694/crypt_sam_u2803.o
 .ARM.attributes
                0x00000e3e       0x39 build/default/production/_ext/172253694/crypt_sha384_sam6156.o
 .ARM.attributes
                0x00000e77       0x39 build/default/production/_ext/172253694/crypt_sha224_sam6156.o
 .ARM.attributes
                0x00000eb0       0x34 build/default/production/_ext/172253694/crypt_pukcl_functions.o
 .ARM.attributes
                0x00000ee4       0x39 build/default/production/_ext/1664057780/pkcs12.o
 .ARM.attributes
                0x00000f1d       0x39 build/default/production/_ext/1664057780/sp_armthumb.o
 .ARM.attributes
                0x00000f56       0x39 build/default/production/_ext/1664057780/evp.o
 .ARM.attributes
                0x00000f8f       0x39 build/default/production/_ext/1664057780/md2.o
 .ARM.attributes
                0x00000fc8       0x39 build/default/production/_ext/1664057780/kdf.o
 .ARM.attributes
                0x00001001       0x39 build/default/production/_ext/1664057780/chacha.o
 .ARM.attributes
                0x0000103a       0x34 build/default/production/_ext/1664057780/ecc.o
 .ARM.attributes
                0x0000106e       0x34 build/default/production/_ext/1664057780/wc_port.o
 .ARM.attributes
                0x000010a2       0x39 build/default/production/_ext/1664057780/chacha20_poly1305.o
 .ARM.attributes
                0x000010db       0x39 build/default/production/_ext/1664057780/blake2b.o
 .ARM.attributes
                0x00001114       0x39 build/default/production/_ext/1664057780/ge_448.o
 .ARM.attributes
                0x0000114d       0x39 build/default/production/_ext/1664057780/sha512.o
 .ARM.attributes
                0x00001186       0x39 build/default/production/_ext/1664057780/signature.o
 .ARM.attributes
                0x000011bf       0x39 build/default/production/_ext/1664057780/rc2.o
 .ARM.attributes
                0x000011f8       0x34 build/default/production/_ext/1664057780/random.o
 .ARM.attributes
                0x0000122c       0x39 build/default/production/_ext/1664057780/md4.o
 .ARM.attributes
                0x00001265       0x39 build/default/production/_ext/1664057780/ed25519.o
 .ARM.attributes
                0x0000129e       0x39 build/default/production/_ext/1664057780/blake2s.o
 .ARM.attributes
                0x000012d7       0x39 build/default/production/_ext/1664057780/memory.o
 .ARM.attributes
                0x00001310       0x39 build/default/production/_ext/1664057780/curve448.o
 .ARM.attributes
                0x00001349       0x34 build/default/production/_ext/1664057780/logging.o
 .ARM.attributes
                0x0000137d       0x34 build/default/production/_ext/1664057780/rsa.o
 .ARM.attributes
                0x000013b1       0x39 build/default/production/_ext/1664057780/pwdbased.o
 .ARM.attributes
                0x000013ea       0x39 build/default/production/_ext/1664057780/poly1305.o
 .ARM.attributes
                0x00001423       0x39 build/default/production/_ext/1664057780/sakke.o
 .ARM.attributes
                0x0000145c       0x39 build/default/production/_ext/1664057780/eccsi.o
 .ARM.attributes
                0x00001495       0x39 build/default/production/_ext/1664057780/wolfevent.o
 .ARM.attributes
                0x000014ce       0x39 build/default/production/_ext/1664057780/compress.o
 .ARM.attributes
                0x00001507       0x34 build/default/production/_ext/1664057780/asn.o
 .ARM.attributes
                0x0000153b       0x39 build/default/production/_ext/1664057780/cmac.o
 .ARM.attributes
                0x00001574       0x39 build/default/production/_ext/1664057780/misc.o
 .ARM.attributes
                0x000015ad       0x34 build/default/production/_ext/1664057780/coding.o
 .ARM.attributes
                0x000015e1       0x39 build/default/production/_ext/1664057780/ecc_fp.o
 .ARM.attributes
                0x0000161a       0x39 build/default/production/_ext/1664057780/asm.o
 .ARM.attributes
                0x00001653       0x39 build/default/production/_ext/1664057780/ripemd.o
 .ARM.attributes
                0x0000168c       0x39 build/default/production/_ext/1664057780/dh.o
 .ARM.attributes
                0x000016c5       0x34 build/default/production/_ext/1664057780/hmac.o
 .ARM.attributes
                0x000016f9       0x39 build/default/production/_ext/1664057780/wc_pkcs11.o
 .ARM.attributes
                0x00001732       0x39 build/default/production/_ext/1664057780/error.o
 .ARM.attributes
                0x0000176b       0x39 build/default/production/_ext/1664057780/pkcs7.o
 .ARM.attributes
                0x000017a4       0x39 build/default/production/_ext/1664057780/fe_low_mem.o
 .ARM.attributes
                0x000017dd       0x39 build/default/production/_ext/1664057780/sha3.o
 .ARM.attributes
                0x00001816       0x39 build/default/production/_ext/1664057780/camellia.o
 .ARM.attributes
                0x0000184f       0x34 build/default/production/_ext/1664057780/tfm.o
 .ARM.attributes
                0x00001883       0x39 build/default/production/_ext/1664057780/sp_dsp32.o
 .ARM.attributes
                0x000018bc       0x39 build/default/production/_ext/1664057780/falcon.o
 .ARM.attributes
                0x000018f5       0x39 build/default/production/_ext/1664057780/siphash.o
 .ARM.attributes
                0x0000192e       0x34 build/default/production/_ext/1664057780/wolfmath.o
 .ARM.attributes
                0x00001962       0x39 build/default/production/_ext/1664057780/srp.o
 .ARM.attributes
                0x0000199b       0x34 build/default/production/_ext/1664057780/sha.o
 .ARM.attributes
                0x000019cf       0x39 build/default/production/_ext/1664057780/sp_arm64.o
 .ARM.attributes
                0x00001a08       0x34 build/default/production/_ext/1664057780/sha256.o
 .ARM.attributes
                0x00001a3c       0x34 build/default/production/_ext/1664057780/des3.o
 .ARM.attributes
                0x00001a70       0x39 build/default/production/_ext/1664057780/sp_cortexm.o
 .ARM.attributes
                0x00001aa9       0x39 build/default/production/_ext/1664057780/integer.o
 .ARM.attributes
                0x00001ae2       0x39 build/default/production/_ext/1664057780/fe_operations.o
 .ARM.attributes
                0x00001b1b       0x39 build/default/production/_ext/1664057780/curve25519.o
 .ARM.attributes
                0x00001b54       0x39 build/default/production/_ext/1664057780/ed448.o
 .ARM.attributes
                0x00001b8d       0x39 build/default/production/_ext/1664057780/cpuid.o
 .ARM.attributes
                0x00001bc6       0x39 build/default/production/_ext/1664057780/sp_x86_64.o
 .ARM.attributes
                0x00001bff       0x39 build/default/production/_ext/1664057780/sp_int.o
 .ARM.attributes
                0x00001c38       0x39 build/default/production/_ext/1664057780/wc_dsp.o
 .ARM.attributes
                0x00001c71       0x34 build/default/production/_ext/1664057780/aes.o
 .ARM.attributes
                0x00001ca5       0x39 build/default/production/_ext/1664057780/ge_operations.o
 .ARM.attributes
                0x00001cde       0x39 build/default/production/_ext/1664057780/ge_low_mem.o
 .ARM.attributes
                0x00001d17       0x34 build/default/production/_ext/1664057780/md5.o
 .ARM.attributes
                0x00001d4b       0x34 build/default/production/_ext/1664057780/hash.o
 .ARM.attributes
                0x00001d7f       0x39 build/default/production/_ext/1664057780/dsa.o
 .ARM.attributes
                0x00001db8       0x34 build/default/production/_ext/1664057780/wc_encrypt.o
 .ARM.attributes
                0x00001dec       0x39 build/default/production/_ext/1664057780/sp_c64.o
 .ARM.attributes
                0x00001e25       0x34 build/default/production/_ext/1664057780/cryptocb.o
 .ARM.attributes
                0x00001e59       0x39 build/default/production/_ext/1664057780/arc4.o
 .ARM.attributes
                0x00001e92       0x39 build/default/production/_ext/1664057780/sp_c32.o
 .ARM.attributes
                0x00001ecb       0x39 build/default/production/_ext/1664057780/fe_448.o
 .ARM.attributes
                0x00001f04       0x39 build/default/production/_ext/1664057780/sp_arm32.o
 .ARM.attributes
                0x00001f3d       0x34 build/default/production/_ext/1360937237/main.o
 .ARM.attributes
                0x00001f71       0x34 build/default/production/_ext/1360937237/app.o
 .ARM.attributes
                0x00001fa5       0x34 c:/program files/microchip/xc32/v4.35/bin/bin/../../lib/gcc/pic32c/8.3.1/../../../../pic32c/lib/thumb/v7e-m+fp/hard\libpic32c.a(data_init.o)
 .ARM.attributes
                0x00001fd9       0x20 c:/program files/microchip/xc32/v4.35/bin/bin/../../lib/gcc/pic32c/8.3.1/../../../../pic32c/lib/thumb/v7e-m+fp/hard\libm-fast-emfloat.a(__aeabi_dadd.o)
 .ARM.attributes
                0x00001ff9       0x20 c:/program files/microchip/xc32/v4.35/bin/bin/../../lib/gcc/pic32c/8.3.1/../../../../pic32c/lib/thumb/v7e-m+fp/hard\libm-fast-emfloat.a(__aeabi_dsub.o)
 .ARM.attributes
                0x00002019       0x20 c:/program files/microchip/xc32/v4.35/bin/bin/../../lib/gcc/pic32c/8.3.1/../../../../pic32c/lib/thumb/v7e-m+fp/hard\libm-fast-emfloat.a(__aeabi_dmul.o)
 .ARM.attributes
                0x00002039       0x20 c:/program files/microchip/xc32/v4.35/bin/bin/../../lib/gcc/pic32c/8.3.1/../../../../pic32c/lib/thumb/v7e-m+fp/hard\libm-fast-emfloat.a(__aeabi_ddiv.o)
 .ARM.attributes
                0x00002059       0x20 c:/program files/microchip/xc32/v4.35/bin/bin/../../lib/gcc/pic32c/8.3.1/../../../../pic32c/lib/thumb/v7e-m+fp/hard\libm-fast-emfloat.a(__aeabi_dcmpgt.o)
 .ARM.attributes
                0x00002079       0x20 c:/program files/microchip/xc32/v4.35/bin/bin/../../lib/gcc/pic32c/8.3.1/../../../../pic32c/lib/thumb/v7e-m+fp/hard\libm-fast-emfloat.a(__aeabi_d2uiz.o)
 .ARM.attributes
                0x00002099       0x20 c:/program files/microchip/xc32/v4.35/bin/bin/../../lib/gcc/pic32c/8.3.1/../../../../pic32c/lib/thumb/v7e-m+fp/hard\libm-fast-emfloat.a(__aeabi_i2d.o)
 .ARM.attributes
                0x000020b9       0x20 c:/program files/microchip/xc32/v4.35/bin/bin/../../lib/gcc/pic32c/8.3.1/../../../../pic32c/lib/thumb/v7e-m+fp/hard\libm-fast-emfloat.a(__aeabi_ui2d.o)
 .ARM.attributes
                0x000020d9       0x36 c:/program files/microchip/xc32/v4.35/bin/bin/../../lib/gcc/pic32c/8.3.1/../../../../pic32c/lib/thumb/v7e-m+fp/hard\libc-musl.a(isxdigit.o)
 .ARM.attributes
                0x0000210f       0x36 c:/program files/microchip/xc32/v4.35/bin/bin/../../lib/gcc/pic32c/8.3.1/../../../../pic32c/lib/thumb/v7e-m+fp/hard\libc-musl.a(tolower.o)
 .ARM.attributes
                0x00002145       0x36 c:/program files/microchip/xc32/v4.35/bin/bin/../../lib/gcc/pic32c/8.3.1/../../../../pic32c/lib/thumb/v7e-m+fp/hard\libc-musl.a(toupper.o)
 .ARM.attributes
                0x0000217b       0x36 c:/program files/microchip/xc32/v4.35/bin/bin/../../lib/gcc/pic32c/8.3.1/../../../../pic32c/lib/thumb/v7e-m+fp/hard\libc-musl.a(__libc_start_main.o)
 .ARM.attributes
                0x000021b1       0x34 c:/program files/microchip/xc32/v4.35/bin/bin/../../lib/gcc/pic32c/8.3.1/../../../../pic32c/lib/thumb/v7e-m+fp/hard\libc-musl.a(libc.o)
 .ARM.attributes
                0x000021e5       0x36 c:/program files/microchip/xc32/v4.35/bin/bin/../../lib/gcc/pic32c/8.3.1/../../../../pic32c/lib/thumb/v7e-m+fp/hard\libc-musl.a(calloc.o)
 .ARM.attributes
                0x0000221b       0x36 c:/program files/microchip/xc32/v4.35/bin/bin/../../lib/gcc/pic32c/8.3.1/../../../../pic32c/lib/thumb/v7e-m+fp/hard\libc-musl.a(malloc.o)
 .ARM.attributes
                0x00002251       0x36 c:/program files/microchip/xc32/v4.35/bin/bin/../../lib/gcc/pic32c/8.3.1/../../../../pic32c/lib/thumb/v7e-m+fp/hard\libc-musl.a(expand_heap.o)
 .ARM.attributes
                0x00002287       0x36 c:/program files/microchip/xc32/v4.35/bin/bin/../../lib/gcc/pic32c/8.3.1/../../../../pic32c/lib/thumb/v7e-m+fp/hard\libc-musl.a(rand.o)
 .ARM.attributes
                0x000022bd       0x36 c:/program files/microchip/xc32/v4.35/bin/bin/../../lib/gcc/pic32c/8.3.1/../../../../pic32c/lib/thumb/v7e-m+fp/hard\libc-musl.a(vsnprintf.o)
 .ARM.attributes
                0x000022f3       0x36 c:/program files/microchip/xc32/v4.35/bin/bin/../../lib/gcc/pic32c/8.3.1/../../../../pic32c/lib/thumb/v7e-m+fp/hard\libc-musl.a(snprintf.o)
 .ARM.attributes
                0x00002329       0x36 c:/program files/microchip/xc32/v4.35/bin/bin/../../lib/gcc/pic32c/8.3.1/../../../../pic32c/lib/thumb/v7e-m+fp/hard\libc-musl.a(sprintf.o)
 .ARM.attributes
                0x0000235f       0x36 c:/program files/microchip/xc32/v4.35/bin/bin/../../lib/gcc/pic32c/8.3.1/../../../../pic32c/lib/thumb/v7e-m+fp/hard\libc-musl.a(vsprintf.o)
 .ARM.attributes
                0x00002395       0x36 c:/program files/microchip/xc32/v4.35/bin/bin/../../lib/gcc/pic32c/8.3.1/../../../../pic32c/lib/thumb/v7e-m+fp/hard\libc-musl.a(atoi.o)
 .ARM.attributes
                0x000023cb       0x36 c:/program files/microchip/xc32/v4.35/bin/bin/../../lib/gcc/pic32c/8.3.1/../../../../pic32c/lib/thumb/v7e-m+fp/hard\libc-musl.a(strtol.o)
 .ARM.attributes
                0x00002401       0x36 c:/program files/microchip/xc32/v4.35/bin/bin/../../lib/gcc/pic32c/8.3.1/../../../../pic32c/lib/thumb/v7e-m+fp/hard\libc-musl.a(memcmp.o)
 .ARM.attributes
                0x00002437       0x36 c:/program files/microchip/xc32/v4.35/bin/bin/../../lib/gcc/pic32c/8.3.1/../../../../pic32c/lib/thumb/v7e-m+fp/hard\libc-musl.a(memcpy.o)
 .ARM.attributes
                0x0000246d       0x36 c:/program files/microchip/xc32/v4.35/bin/bin/../../lib/gcc/pic32c/8.3.1/../../../../pic32c/lib/thumb/v7e-m+fp/hard\libc-musl.a(memmove.o)
 .ARM.attributes
                0x000024a3       0x36 c:/program files/microchip/xc32/v4.35/bin/bin/../../lib/gcc/pic32c/8.3.1/../../../../pic32c/lib/thumb/v7e-m+fp/hard\libc-musl.a(memset.o)
 .ARM.attributes
                0x000024d9       0x36 c:/program files/microchip/xc32/v4.35/bin/bin/../../lib/gcc/pic32c/8.3.1/../../../../pic32c/lib/thumb/v7e-m+fp/hard\libc-musl.a(strlen.o)
 .ARM.attributes
                0x0000250f       0x36 c:/program files/microchip/xc32/v4.35/bin/bin/../../lib/gcc/pic32c/8.3.1/../../../../pic32c/lib/thumb/v7e-m+fp/hard\libc-musl.a(strchr.o)
 .ARM.attributes
                0x00002545       0x36 c:/program files/microchip/xc32/v4.35/bin/bin/../../lib/gcc/pic32c/8.3.1/../../../../pic32c/lib/thumb/v7e-m+fp/hard\libc-musl.a(strchrnul.o)
 .ARM.attributes
                0x0000257b       0x36 c:/program files/microchip/xc32/v4.35/bin/bin/../../lib/gcc/pic32c/8.3.1/../../../../pic32c/lib/thumb/v7e-m+fp/hard\libc-musl.a(strcmp.o)
 .ARM.attributes
                0x000025b1       0x36 c:/program files/microchip/xc32/v4.35/bin/bin/../../lib/gcc/pic32c/8.3.1/../../../../pic32c/lib/thumb/v7e-m+fp/hard\libc-musl.a(strcpy.o)
 .ARM.attributes
                0x000025e7       0x36 c:/program files/microchip/xc32/v4.35/bin/bin/../../lib/gcc/pic32c/8.3.1/../../../../pic32c/lib/thumb/v7e-m+fp/hard\libc-musl.a(strncmp.o)
 .ARM.attributes
                0x0000261d       0x36 c:/program files/microchip/xc32/v4.35/bin/bin/../../lib/gcc/pic32c/8.3.1/../../../../pic32c/lib/thumb/v7e-m+fp/hard\libc-musl.a(strncpy.o)
 .ARM.attributes
                0x00002653       0x36 c:/program files/microchip/xc32/v4.35/bin/bin/../../lib/gcc/pic32c/8.3.1/../../../../pic32c/lib/thumb/v7e-m+fp/hard\libc-musl.a(strrchr.o)
 .ARM.attributes
                0x00002689       0x36 c:/program files/microchip/xc32/v4.35/bin/bin/../../lib/gcc/pic32c/8.3.1/../../../../pic32c/lib/thumb/v7e-m+fp/hard\libc-musl.a(strtok.o)
 .ARM.attributes
                0x000026bf       0x36 c:/program files/microchip/xc32/v4.35/bin/bin/../../lib/gcc/pic32c/8.3.1/../../../../pic32c/lib/thumb/v7e-m+fp/hard\libc-musl.a(gmtime.o)
 .ARM.attributes
                0x000026f5       0x36 c:/program files/microchip/xc32/v4.35/bin/bin/../../lib/gcc/pic32c/8.3.1/../../../../pic32c/lib/thumb/v7e-m+fp/hard\libc-musl.a(gmtime_r.o)
 .ARM.attributes
                0x0000272b       0x36 c:/program files/microchip/xc32/v4.35/bin/bin/../../lib/gcc/pic32c/8.3.1/../../../../pic32c/lib/thumb/v7e-m+fp/hard\libc-musl.a(time.o)
 .ARM.attributes
                0x00002761       0x34 c:/program files/microchip/xc32/v4.35/bin/bin/../../lib/gcc/pic32c/8.3.1/../../../../pic32c/lib/thumb/v7e-m+fp/hard\libc-musl.a(__environ.o)
 .ARM.attributes
                0x00002795       0x34 c:/program files/microchip/xc32/v4.35/bin/bin/../../lib/gcc/pic32c/8.3.1/../../../../pic32c/lib/thumb/v7e-m+fp/hard\libc-musl.a(__errno_location.o)
 .ARM.attributes
                0x000027c9       0x36 c:/program files/microchip/xc32/v4.35/bin/bin/../../lib/gcc/pic32c/8.3.1/../../../../pic32c/lib/thumb/v7e-m+fp/hard\libc-musl.a(intscan.o)
 .ARM.attributes
                0x000027ff       0x36 c:/program files/microchip/xc32/v4.35/bin/bin/../../lib/gcc/pic32c/8.3.1/../../../../pic32c/lib/thumb/v7e-m+fp/hard\libc-musl.a(shgetc.o)
 .ARM.attributes
                0x00002835       0x36 c:/program files/microchip/xc32/v4.35/bin/bin/../../lib/gcc/pic32c/8.3.1/../../../../pic32c/lib/thumb/v7e-m+fp/hard\libc-musl.a(__uflow.o)
 .ARM.attributes
                0x0000286b       0x36 c:/program files/microchip/xc32/v4.35/bin/bin/../../lib/gcc/pic32c/8.3.1/../../../../pic32c/lib/thumb/v7e-m+fp/hard\libc-musl.a(vfprintf.o)
 .ARM.attributes
                0x000028a1       0x36 c:/program files/microchip/xc32/v4.35/bin/bin/../../lib/gcc/pic32c/8.3.1/../../../../pic32c/lib/thumb/v7e-m+fp/hard\libc-musl.a(memrchr.o)
 .ARM.attributes
                0x000028d7       0x36 c:/program files/microchip/xc32/v4.35/bin/bin/../../lib/gcc/pic32c/8.3.1/../../../../pic32c/lib/thumb/v7e-m+fp/hard\libc-musl.a(stpcpy.o)
 .ARM.attributes
                0x0000290d       0x36 c:/program files/microchip/xc32/v4.35/bin/bin/../../lib/gcc/pic32c/8.3.1/../../../../pic32c/lib/thumb/v7e-m+fp/hard\libc-musl.a(stpncpy.o)
 .ARM.attributes
                0x00002943       0x36 c:/program files/microchip/xc32/v4.35/bin/bin/../../lib/gcc/pic32c/8.3.1/../../../../pic32c/lib/thumb/v7e-m+fp/hard\libc-musl.a(strcspn.o)
 .ARM.attributes
                0x00002979       0x36 c:/program files/microchip/xc32/v4.35/bin/bin/../../lib/gcc/pic32c/8.3.1/../../../../pic32c/lib/thumb/v7e-m+fp/hard\libc-musl.a(strspn.o)
 .ARM.attributes
                0x000029af       0x36 c:/program files/microchip/xc32/v4.35/bin/bin/../../lib/gcc/pic32c/8.3.1/../../../../pic32c/lib/thumb/v7e-m+fp/hard\libc-musl.a(__secs_to_tm.o)
 .ARM.attributes
                0x000029e5       0x36 c:/program files/microchip/xc32/v4.35/bin/bin/../../lib/gcc/pic32c/8.3.1/../../../../pic32c/lib/thumb/v7e-m+fp/hard\libc-musl.a(clock_gettime.o)
 .ARM.attributes
                0x00002a1b       0x36 c:/program files/microchip/xc32/v4.35/bin/bin/../../lib/gcc/pic32c/8.3.1/../../../../pic32c/lib/thumb/v7e-m+fp/hard\libc-musl.a(gettimeofday.o)
 .ARM.attributes
                0x00002a51       0x36 c:/program files/microchip/xc32/v4.35/bin/bin/../../lib/gcc/pic32c/8.3.1/../../../../pic32c/lib/thumb/v7e-m+fp/hard\libc-musl.a(syscall_ret.o)
 .ARM.attributes
                0x00002a87       0x36 c:/program files/microchip/xc32/v4.35/bin/bin/../../lib/gcc/pic32c/8.3.1/../../../../pic32c/lib/thumb/v7e-m+fp/hard\libc-musl.a(__toread.o)
 .ARM.attributes
                0x00002abd       0x36 c:/program files/microchip/xc32/v4.35/bin/bin/../../lib/gcc/pic32c/8.3.1/../../../../pic32c/lib/thumb/v7e-m+fp/hard\libc-musl.a(__io_fmt_needed.o)
 .ARM.attributes
                0x00002af3       0x36 c:/program files/microchip/xc32/v4.35/bin/bin/../../lib/gcc/pic32c/8.3.1/../../../../pic32c/lib/thumb/v7e-m+fp/hard\libc-musl.a(__pop_float.o)
 .ARM.attributes
                0x00002b29       0x36 c:/program files/microchip/xc32/v4.35/bin/bin/../../lib/gcc/pic32c/8.3.1/../../../../pic32c/lib/thumb/v7e-m+fp/hard\libc-musl.a(__pop_int.o)
 .ARM.attributes
                0x00002b5f       0x36 c:/program files/microchip/xc32/v4.35/bin/bin/../../lib/gcc/pic32c/8.3.1/../../../../pic32c/lib/thumb/v7e-m+fp/hard\libc-musl.a(__pop_ptr.o)
 .ARM.attributes
                0x00002b95       0x36 c:/program files/microchip/xc32/v4.35/bin/bin/../../lib/gcc/pic32c/8.3.1/../../../../pic32c/lib/thumb/v7e-m+fp/hard\libc-musl.a(__printf_core.o)
 .ARM.attributes
                0x00002bcb       0x36 c:/program files/microchip/xc32/v4.35/bin/bin/../../lib/gcc/pic32c/8.3.1/../../../../pic32c/lib/thumb/v7e-m+fp/hard\libc-musl.a(__stdio_exit.o)
 .ARM.attributes
                0x00002c01       0x36 c:/program files/microchip/xc32/v4.35/bin/bin/../../lib/gcc/pic32c/8.3.1/../../../../pic32c/lib/thumb/v7e-m+fp/hard\libc-musl.a(__fmt_a.o)
 .ARM.attributes
                0x00002c37       0x36 c:/program files/microchip/xc32/v4.35/bin/bin/../../lib/gcc/pic32c/8.3.1/../../../../pic32c/lib/thumb/v7e-m+fp/hard\libc-musl.a(__fmt_d.o)
 .ARM.attributes
                0x00002c6d       0x36 c:/program files/microchip/xc32/v4.35/bin/bin/../../lib/gcc/pic32c/8.3.1/../../../../pic32c/lib/thumb/v7e-m+fp/hard\libc-musl.a(__fmt_fp.o)
 .ARM.attributes
                0x00002ca3       0x36 c:/program files/microchip/xc32/v4.35/bin/bin/../../lib/gcc/pic32c/8.3.1/../../../../pic32c/lib/thumb/v7e-m+fp/hard\libc-musl.a(__fmt_o.o)
 .ARM.attributes
                0x00002cd9       0x36 c:/program files/microchip/xc32/v4.35/bin/bin/../../lib/gcc/pic32c/8.3.1/../../../../pic32c/lib/thumb/v7e-m+fp/hard\libc-musl.a(__fmt_s.o)
 .ARM.attributes
                0x00002d0f       0x36 c:/program files/microchip/xc32/v4.35/bin/bin/../../lib/gcc/pic32c/8.3.1/../../../../pic32c/lib/thumb/v7e-m+fp/hard\libc-musl.a(__fmt_u.o)
 .ARM.attributes
                0x00002d45       0x36 c:/program files/microchip/xc32/v4.35/bin/bin/../../lib/gcc/pic32c/8.3.1/../../../../pic32c/lib/thumb/v7e-m+fp/hard\libc-musl.a(__fmt_x.o)
 .ARM.attributes
                0x00002d7b       0x36 c:/program files/microchip/xc32/v4.35/bin/bin/../../lib/gcc/pic32c/8.3.1/../../../../pic32c/lib/thumb/v7e-m+fp/hard\libc-musl.a(__cvt_u.o)
 .ARM.attributes
                0x00002db1       0x34 c:/program files/microchip/xc32/v4.35/bin/bin/../../lib/gcc/pic32c/8.3.1/../../../../pic32c/lib/thumb/v7e-m+fp/hard\libm-fast-emfloat.a(fma.o)
 .ARM.attributes
                0x00002de5       0x34 c:/program files/microchip/xc32/v4.35/bin/bin/../../lib/gcc/pic32c/8.3.1/../../../../pic32c/lib/thumb/v7e-m+fp/hard\libm-fast-emfloat.a(floor.o)
 .ARM.attributes
                0x00002e19       0x20 c:/program files/microchip/xc32/v4.35/bin/bin/../../lib/gcc/pic32c/8.3.1/../../../../pic32c/lib/thumb/v7e-m+fp/hard\libm-fast-emfloat.a(__aeabi_dcmple.o)
 .ARM.attributes
                0x00002e39       0x20 c:/program files/microchip/xc32/v4.35/bin/bin/../../lib/gcc/pic32c/8.3.1/../../../../pic32c/lib/thumb/v7e-m+fp/hard\libm-fast-emfloat.a(__aeabi_dcmpeq.o)
 .ARM.attributes
                0x00002e59       0x20 c:/program files/microchip/xc32/v4.35/bin/bin/../../lib/gcc/pic32c/8.3.1/../../../../pic32c/lib/thumb/v7e-m+fp/hard\libm-fast-emfloat.a(__aeabi_dcmplt.o)
 .ARM.attributes
                0x00002e79       0x20 c:/program files/microchip/xc32/v4.35/bin/bin/../../lib/gcc/pic32c/8.3.1/../../../../pic32c/lib/thumb/v7e-m+fp/hard\libm-fast-emfloat.a(__aeabi_d2iz.o)
 .ARM.attributes
                0x00002e99       0x1e c:/program files/microchip/xc32/v4.35/bin/bin/../../lib/gcc/pic32c/8.3.1/thumb/v7e-m+fp/hard\libgcc.a(_aeabi_ldivmod.o)
 .ARM.attributes
                0x00002eb7       0x1e c:/program files/microchip/xc32/v4.35/bin/bin/../../lib/gcc/pic32c/8.3.1/thumb/v7e-m+fp/hard\libgcc.a(_aeabi_uldivmod.o)
 .ARM.attributes
                0x00002ed5       0x34 c:/program files/microchip/xc32/v4.35/bin/bin/../../lib/gcc/pic32c/8.3.1/thumb/v7e-m+fp/hard\libgcc.a(_udivmoddi4.o)
 .ARM.attributes
                0x00002f09       0x1e c:/program files/microchip/xc32/v4.35/bin/bin/../../lib/gcc/pic32c/8.3.1/thumb/v7e-m+fp/hard\libgcc.a(_dvmd_tls.o)
 .ARM.attributes
                0x00002f27       0x34 c:/program files/microchip/xc32/v4.35/bin/bin/../../lib/gcc/pic32c/8.3.1/../../../../pic32c/lib/thumb/v7e-m+fp/hard\libpic32c.a(sbrk.o)
 .ARM.attributes
                0x00002f5b       0x32 c:/program files/microchip/xc32/v4.35/bin/bin/../../lib/gcc/pic32c/8.3.1/thumb/v7e-m+fp/hard/crtend.o
 .ARM.attributes
                0x00002f8d       0x1e c:/program files/microchip/xc32/v4.35/bin/bin/../../lib/gcc/pic32c/8.3.1/thumb/v7e-m+fp/hard/crtn.o
 .ARM.attributes
                0x00002fab       0x34 c:/program files/microchip/xc32/v4.35/bin/bin/../../lib/gcc/pic32c/8.3.1/../../../../pic32c/lib/thumb/v7e-m+fp/hard\libpic32c.a(pic32_data_init_clear.o)
 .ARM.attributes
                0x00002fdf       0x34 c:/program files/microchip/xc32/v4.35/bin/bin/../../lib/gcc/pic32c/8.3.1/../../../../pic32c/lib/thumb/v7e-m+fp/hard\libpic32c.a(pic32_data_init_copy.o)

.comment        0x00000000       0x2b
 .comment       0x00000000       0x2b c:/program files/microchip/xc32/v4.35/bin/bin/../../lib/gcc/pic32c/8.3.1/thumb/v7e-m+fp/hard/crtbegin.o
                                 0x2c (size before relaxing)
 .comment       0x0000002b       0x2c build/default/production/_ext/1645245335/crypto.o
 .comment       0x0000002b       0x2c build/default/production/_ext/1319885263/tc6.o
 .comment       0x0000002b       0x2c build/default/production/_ext/181894553/drv_lan865x_api.o
 .comment       0x0000002b       0x2c build/default/production/_ext/2070931557/drv_spi.o
 .comment       0x0000002b       0x2c build/default/production/_ext/1033058136/helpers.o
 .comment       0x0000002b       0x2c build/default/production/_ext/1033058136/tcpip_manager.o
 .comment       0x0000002b       0x2c build/default/production/_ext/1033058136/tcpip_heap_internal.o
 .comment       0x0000002b       0x2c build/default/production/_ext/1033058136/dns.o
 .comment       0x0000002b       0x2c build/default/production/_ext/1033058136/udp.o
 .comment       0x0000002b       0x2c build/default/production/_ext/1033058136/icmp.o
 .comment       0x0000002b       0x2c build/default/production/_ext/1033058136/tcpip_commands.o
 .comment       0x0000002b       0x2c build/default/production/_ext/1033058136/tcpip_notify.o
 .comment       0x0000002b       0x2c build/default/production/_ext/1033058136/tcp.o
 .comment       0x0000002b       0x2c build/default/production/_ext/1033058136/tcpip_packet.o
 .comment       0x0000002b       0x2c build/default/production/_ext/1033058136/tcpip_helpers.o
 .comment       0x0000002b       0x2c build/default/production/_ext/1033058136/ipv4.o
 .comment       0x0000002b       0x2c build/default/production/_ext/1033058136/dhcp.o
 .comment       0x0000002b       0x2c build/default/production/_ext/1033058136/hash_fnv.o
 .comment       0x0000002b       0x2c build/default/production/_ext/1033058136/oahash.o
 .comment       0x0000002b       0x2c build/default/production/_ext/1033058136/iperf.o
 .comment       0x0000002b       0x2c build/default/production/_ext/1033058136/arp.o
 .comment       0x0000002b       0x2c build/default/production/_ext/1033058136/tcpip_heap_alloc.o
 .comment       0x0000002b       0x2c build/default/production/_ext/1984496892/plib_clock.o
 .comment       0x0000002b       0x2c build/default/production/_ext/1865131932/plib_cmcc.o
 .comment       0x0000002b       0x2c build/default/production/_ext/1865161661/plib_dmac.o
 .comment       0x0000002b       0x2c build/default/production/_ext/1986646378/plib_evsys.o
 .comment       0x0000002b       0x2c build/default/production/_ext/1865468468/plib_nvic.o
 .comment       0x0000002b       0x2c build/default/production/_ext/1593096446/plib_nvmctrl.o
 .comment       0x0000002b       0x2c build/default/production/_ext/1865521619/plib_port.o
 .comment       0x0000002b       0x2c build/default/production/_ext/17022449/plib_sercom1_spi_master.o
 .comment       0x0000002b       0x2c build/default/production/_ext/504274921/plib_sercom5_usart.o
 .comment       0x0000002b       0x2c build/default/production/_ext/829342655/plib_tc0.o
 .comment       0x0000002b       0x2c build/default/production/_ext/163028504/xc32_monitor.o
 .comment       0x0000002b       0x2c build/default/production/_ext/1014039709/sys_cache.o
 .comment       0x0000002b       0x2c build/default/production/_ext/1376093119/sys_command.o
 .comment       0x0000002b       0x2c build/default/production/_ext/1832805299/sys_console.o
 .comment       0x0000002b       0x2c build/default/production/_ext/1832805299/sys_console_uart.o
 .comment       0x0000002b       0x2c build/default/production/_ext/944882569/sys_debug.o
 .comment       0x0000002b       0x2c build/default/production/_ext/14461671/sys_dma.o
 .comment       0x0000002b       0x2c build/default/production/_ext/1881668453/sys_int.o
 .comment       0x0000002b       0x2c build/default/production/_ext/1000052432/sys_reset.o
 .comment       0x0000002b       0x2c build/default/production/_ext/101884895/sys_time.o
 .comment       0x0000002b       0x2c build/default/production/_ext/753841488/sys_time_h2_adapter.o
 .comment       0x0000002b       0x2c build/default/production/_ext/753841488/sys_random_h2_adapter.o
 .comment       0x0000002b       0x2c build/default/production/_ext/1171490990/startup_xc32.o
 .comment       0x0000002b       0x2c build/default/production/_ext/1171490990/initialization.o
 .comment       0x0000002b       0x2c build/default/production/_ext/1171490990/exceptions.o
 .comment       0x0000002b       0x2c build/default/production/_ext/1171490990/libc_syscalls.o
 .comment       0x0000002b       0x2c build/default/production/_ext/1171490990/interrupts.o
 .comment       0x0000002b       0x2c build/default/production/_ext/1171490990/tasks.o
 .comment       0x0000002b       0x2c build/default/production/_ext/172253694/crypt_aes_u2238.o
 .comment       0x0000002b       0x2c build/default/production/_ext/172253694/crypt_sha512_sam6156.o
 .comment       0x0000002b       0x2c build/default/production/_ext/172253694/crypt_rng_u2242.o
 .comment       0x0000002b       0x2c build/default/production/_ext/172253694/crypt_sha224_sam11105.o
 .comment       0x0000002b       0x2c build/default/production/_ext/172253694/crypt_aes_sam6149.o
 .comment       0x0000002b       0x2c build/default/production/_ext/172253694/crypt_sha1_sam11105.o
 .comment       0x0000002b       0x2c build/default/production/_ext/172253694/crypt_ecc_ba414e.o
 .comment       0x0000002b       0x2c build/default/production/_ext/172253694/crypt_ecc_pukcl.o
 .comment       0x0000002b       0x2c build/default/production/_ext/172253694/crypt_sha256_sam6156.o
 .comment       0x0000002b       0x2c build/default/production/_ext/172253694/crypt_tdes_sam6150.o
 .comment       0x0000002b       0x2c build/default/production/_ext/172253694/crypt_wolfcryptcb.o
 .comment       0x0000002b       0x2c build/default/production/_ext/172253694/pic32mz-crypt.o
 .comment       0x0000002b       0x2c build/default/production/_ext/172253694/crypt_sha1_sam6156.o
 .comment       0x0000002b       0x2c build/default/production/_ext/172253694/crypt_sha256_sam11105.o
 .comment       0x0000002b       0x2c build/default/production/_ext/172253694/crypt_rng_sam6334.o
 .comment       0x0000002b       0x2c build/default/production/_ext/172253694/crypt_rsa_pukcl.o
 .comment       0x0000002b       0x2c build/default/production/_ext/172253694/crypt_sam_u2803.o
 .comment       0x0000002b       0x2c build/default/production/_ext/172253694/crypt_sha384_sam6156.o
 .comment       0x0000002b       0x2c build/default/production/_ext/172253694/crypt_sha224_sam6156.o
 .comment       0x0000002b       0x2c build/default/production/_ext/172253694/crypt_pukcl_functions.o
 .comment       0x0000002b       0x2c build/default/production/_ext/1664057780/pkcs12.o
 .comment       0x0000002b       0x2c build/default/production/_ext/1664057780/sp_armthumb.o
 .comment       0x0000002b       0x2c build/default/production/_ext/1664057780/evp.o
 .comment       0x0000002b       0x2c build/default/production/_ext/1664057780/md2.o
 .comment       0x0000002b       0x2c build/default/production/_ext/1664057780/kdf.o
 .comment       0x0000002b       0x2c build/default/production/_ext/1664057780/chacha.o
 .comment       0x0000002b       0x2c build/default/production/_ext/1664057780/ecc.o
 .comment       0x0000002b       0x2c build/default/production/_ext/1664057780/wc_port.o
 .comment       0x0000002b       0x2c build/default/production/_ext/1664057780/chacha20_poly1305.o
 .comment       0x0000002b       0x2c build/default/production/_ext/1664057780/blake2b.o
 .comment       0x0000002b       0x2c build/default/production/_ext/1664057780/ge_448.o
 .comment       0x0000002b       0x2c build/default/production/_ext/1664057780/sha512.o
 .comment       0x0000002b       0x2c build/default/production/_ext/1664057780/signature.o
 .comment       0x0000002b       0x2c build/default/production/_ext/1664057780/rc2.o
 .comment       0x0000002b       0x2c build/default/production/_ext/1664057780/random.o
 .comment       0x0000002b       0x2c build/default/production/_ext/1664057780/md4.o
 .comment       0x0000002b       0x2c build/default/production/_ext/1664057780/ed25519.o
 .comment       0x0000002b       0x2c build/default/production/_ext/1664057780/blake2s.o
 .comment       0x0000002b       0x2c build/default/production/_ext/1664057780/memory.o
 .comment       0x0000002b       0x2c build/default/production/_ext/1664057780/curve448.o
 .comment       0x0000002b       0x2c build/default/production/_ext/1664057780/logging.o
 .comment       0x0000002b       0x2c build/default/production/_ext/1664057780/rsa.o
 .comment       0x0000002b       0x2c build/default/production/_ext/1664057780/pwdbased.o
 .comment       0x0000002b       0x2c build/default/production/_ext/1664057780/poly1305.o
 .comment       0x0000002b       0x2c build/default/production/_ext/1664057780/sakke.o
 .comment       0x0000002b       0x2c build/default/production/_ext/1664057780/eccsi.o
 .comment       0x0000002b       0x2c build/default/production/_ext/1664057780/wolfevent.o
 .comment       0x0000002b       0x2c build/default/production/_ext/1664057780/compress.o
 .comment       0x0000002b       0x2c build/default/production/_ext/1664057780/asn.o
 .comment       0x0000002b       0x2c build/default/production/_ext/1664057780/cmac.o
 .comment       0x0000002b       0x2c build/default/production/_ext/1664057780/misc.o
 .comment       0x0000002b       0x2c build/default/production/_ext/1664057780/coding.o
 .comment       0x0000002b       0x2c build/default/production/_ext/1664057780/ecc_fp.o
 .comment       0x0000002b       0x2c build/default/production/_ext/1664057780/asm.o
 .comment       0x0000002b       0x2c build/default/production/_ext/1664057780/ripemd.o
 .comment       0x0000002b       0x2c build/default/production/_ext/1664057780/dh.o
 .comment       0x0000002b       0x2c build/default/production/_ext/1664057780/hmac.o
 .comment       0x0000002b       0x2c build/default/production/_ext/1664057780/wc_pkcs11.o
 .comment       0x0000002b       0x2c build/default/production/_ext/1664057780/error.o
 .comment       0x0000002b       0x2c build/default/production/_ext/1664057780/pkcs7.o
 .comment       0x0000002b       0x2c build/default/production/_ext/1664057780/fe_low_mem.o
 .comment       0x0000002b       0x2c build/default/production/_ext/1664057780/sha3.o
 .comment       0x0000002b       0x2c build/default/production/_ext/1664057780/camellia.o
 .comment       0x0000002b       0x2c build/default/production/_ext/1664057780/tfm.o
 .comment       0x0000002b       0x2c build/default/production/_ext/1664057780/sp_dsp32.o
 .comment       0x0000002b       0x2c build/default/production/_ext/1664057780/falcon.o
 .comment       0x0000002b       0x2c build/default/production/_ext/1664057780/siphash.o
 .comment       0x0000002b       0x2c build/default/production/_ext/1664057780/wolfmath.o
 .comment       0x0000002b       0x2c build/default/production/_ext/1664057780/srp.o
 .comment       0x0000002b       0x2c build/default/production/_ext/1664057780/sha.o
 .comment       0x0000002b       0x2c build/default/production/_ext/1664057780/sp_arm64.o
 .comment       0x0000002b       0x2c build/default/production/_ext/1664057780/sha256.o
 .comment       0x0000002b       0x2c build/default/production/_ext/1664057780/des3.o
 .comment       0x0000002b       0x2c build/default/production/_ext/1664057780/sp_cortexm.o
 .comment       0x0000002b       0x2c build/default/production/_ext/1664057780/integer.o
 .comment       0x0000002b       0x2c build/default/production/_ext/1664057780/fe_operations.o
 .comment       0x0000002b       0x2c build/default/production/_ext/1664057780/curve25519.o
 .comment       0x0000002b       0x2c build/default/production/_ext/1664057780/ed448.o
 .comment       0x0000002b       0x2c build/default/production/_ext/1664057780/cpuid.o
 .comment       0x0000002b       0x2c build/default/production/_ext/1664057780/sp_x86_64.o
 .comment       0x0000002b       0x2c build/default/production/_ext/1664057780/sp_int.o
 .comment       0x0000002b       0x2c build/default/production/_ext/1664057780/wc_dsp.o
 .comment       0x0000002b       0x2c build/default/production/_ext/1664057780/aes.o
 .comment       0x0000002b       0x2c build/default/production/_ext/1664057780/ge_operations.o
 .comment       0x0000002b       0x2c build/default/production/_ext/1664057780/ge_low_mem.o
 .comment       0x0000002b       0x2c build/default/production/_ext/1664057780/md5.o
 .comment       0x0000002b       0x2c build/default/production/_ext/1664057780/hash.o
 .comment       0x0000002b       0x2c build/default/production/_ext/1664057780/dsa.o
 .comment       0x0000002b       0x2c build/default/production/_ext/1664057780/wc_encrypt.o
 .comment       0x0000002b       0x2c build/default/production/_ext/1664057780/sp_c64.o
 .comment       0x0000002b       0x2c build/default/production/_ext/1664057780/cryptocb.o
 .comment       0x0000002b       0x2c build/default/production/_ext/1664057780/arc4.o
 .comment       0x0000002b       0x2c build/default/production/_ext/1664057780/sp_c32.o
 .comment       0x0000002b       0x2c build/default/production/_ext/1664057780/fe_448.o
 .comment       0x0000002b       0x2c build/default/production/_ext/1664057780/sp_arm32.o
 .comment       0x0000002b       0x2c build/default/production/_ext/1360937237/main.o
 .comment       0x0000002b       0x2c build/default/production/_ext/1360937237/app.o
 .comment       0x0000002b       0x2c c:/program files/microchip/xc32/v4.35/bin/bin/../../lib/gcc/pic32c/8.3.1/../../../../pic32c/lib/thumb/v7e-m+fp/hard\libpic32c.a(data_init.o)
 .comment       0x0000002b       0x2c c:/program files/microchip/xc32/v4.35/bin/bin/../../lib/gcc/pic32c/8.3.1/../../../../pic32c/lib/thumb/v7e-m+fp/hard\libc-musl.a(isxdigit.o)
 .comment       0x0000002b       0x2c c:/program files/microchip/xc32/v4.35/bin/bin/../../lib/gcc/pic32c/8.3.1/../../../../pic32c/lib/thumb/v7e-m+fp/hard\libc-musl.a(tolower.o)
 .comment       0x0000002b       0x2c c:/program files/microchip/xc32/v4.35/bin/bin/../../lib/gcc/pic32c/8.3.1/../../../../pic32c/lib/thumb/v7e-m+fp/hard\libc-musl.a(toupper.o)
 .comment       0x0000002b       0x2c c:/program files/microchip/xc32/v4.35/bin/bin/../../lib/gcc/pic32c/8.3.1/../../../../pic32c/lib/thumb/v7e-m+fp/hard\libc-musl.a(__libc_start_main.o)
 .comment       0x0000002b       0x2c c:/program files/microchip/xc32/v4.35/bin/bin/../../lib/gcc/pic32c/8.3.1/../../../../pic32c/lib/thumb/v7e-m+fp/hard\libc-musl.a(libc.o)
 .comment       0x0000002b       0x2c c:/program files/microchip/xc32/v4.35/bin/bin/../../lib/gcc/pic32c/8.3.1/../../../../pic32c/lib/thumb/v7e-m+fp/hard\libc-musl.a(calloc.o)
 .comment       0x0000002b       0x2c c:/program files/microchip/xc32/v4.35/bin/bin/../../lib/gcc/pic32c/8.3.1/../../../../pic32c/lib/thumb/v7e-m+fp/hard\libc-musl.a(malloc.o)
 .comment       0x0000002b       0x2c c:/program files/microchip/xc32/v4.35/bin/bin/../../lib/gcc/pic32c/8.3.1/../../../../pic32c/lib/thumb/v7e-m+fp/hard\libc-musl.a(expand_heap.o)
 .comment       0x0000002b       0x2c c:/program files/microchip/xc32/v4.35/bin/bin/../../lib/gcc/pic32c/8.3.1/../../../../pic32c/lib/thumb/v7e-m+fp/hard\libc-musl.a(rand.o)
 .comment       0x0000002b       0x2c c:/program files/microchip/xc32/v4.35/bin/bin/../../lib/gcc/pic32c/8.3.1/../../../../pic32c/lib/thumb/v7e-m+fp/hard\libc-musl.a(vsnprintf.o)
 .comment       0x0000002b       0x2c c:/program files/microchip/xc32/v4.35/bin/bin/../../lib/gcc/pic32c/8.3.1/../../../../pic32c/lib/thumb/v7e-m+fp/hard\libc-musl.a(snprintf.o)
 .comment       0x0000002b       0x2c c:/program files/microchip/xc32/v4.35/bin/bin/../../lib/gcc/pic32c/8.3.1/../../../../pic32c/lib/thumb/v7e-m+fp/hard\libc-musl.a(sprintf.o)
 .comment       0x0000002b       0x2c c:/program files/microchip/xc32/v4.35/bin/bin/../../lib/gcc/pic32c/8.3.1/../../../../pic32c/lib/thumb/v7e-m+fp/hard\libc-musl.a(vsprintf.o)
 .comment       0x0000002b       0x2c c:/program files/microchip/xc32/v4.35/bin/bin/../../lib/gcc/pic32c/8.3.1/../../../../pic32c/lib/thumb/v7e-m+fp/hard\libc-musl.a(atoi.o)
 .comment       0x0000002b       0x2c c:/program files/microchip/xc32/v4.35/bin/bin/../../lib/gcc/pic32c/8.3.1/../../../../pic32c/lib/thumb/v7e-m+fp/hard\libc-musl.a(strtol.o)
 .comment       0x0000002b       0x2c c:/program files/microchip/xc32/v4.35/bin/bin/../../lib/gcc/pic32c/8.3.1/../../../../pic32c/lib/thumb/v7e-m+fp/hard\libc-musl.a(memcmp.o)
 .comment       0x0000002b       0x2c c:/program files/microchip/xc32/v4.35/bin/bin/../../lib/gcc/pic32c/8.3.1/../../../../pic32c/lib/thumb/v7e-m+fp/hard\libc-musl.a(memcpy.o)
 .comment       0x0000002b       0x2c c:/program files/microchip/xc32/v4.35/bin/bin/../../lib/gcc/pic32c/8.3.1/../../../../pic32c/lib/thumb/v7e-m+fp/hard\libc-musl.a(memmove.o)
 .comment       0x0000002b       0x2c c:/program files/microchip/xc32/v4.35/bin/bin/../../lib/gcc/pic32c/8.3.1/../../../../pic32c/lib/thumb/v7e-m+fp/hard\libc-musl.a(memset.o)
 .comment       0x0000002b       0x2c c:/program files/microchip/xc32/v4.35/bin/bin/../../lib/gcc/pic32c/8.3.1/../../../../pic32c/lib/thumb/v7e-m+fp/hard\libc-musl.a(strlen.o)
 .comment       0x0000002b       0x2c c:/program files/microchip/xc32/v4.35/bin/bin/../../lib/gcc/pic32c/8.3.1/../../../../pic32c/lib/thumb/v7e-m+fp/hard\libc-musl.a(strchr.o)
 .comment       0x0000002b       0x2c c:/program files/microchip/xc32/v4.35/bin/bin/../../lib/gcc/pic32c/8.3.1/../../../../pic32c/lib/thumb/v7e-m+fp/hard\libc-musl.a(strchrnul.o)
 .comment       0x0000002b       0x2c c:/program files/microchip/xc32/v4.35/bin/bin/../../lib/gcc/pic32c/8.3.1/../../../../pic32c/lib/thumb/v7e-m+fp/hard\libc-musl.a(strcmp.o)
 .comment       0x0000002b       0x2c c:/program files/microchip/xc32/v4.35/bin/bin/../../lib/gcc/pic32c/8.3.1/../../../../pic32c/lib/thumb/v7e-m+fp/hard\libc-musl.a(strcpy.o)
 .comment       0x0000002b       0x2c c:/program files/microchip/xc32/v4.35/bin/bin/../../lib/gcc/pic32c/8.3.1/../../../../pic32c/lib/thumb/v7e-m+fp/hard\libc-musl.a(strncmp.o)
 .comment       0x0000002b       0x2c c:/program files/microchip/xc32/v4.35/bin/bin/../../lib/gcc/pic32c/8.3.1/../../../../pic32c/lib/thumb/v7e-m+fp/hard\libc-musl.a(strncpy.o)
 .comment       0x0000002b       0x2c c:/program files/microchip/xc32/v4.35/bin/bin/../../lib/gcc/pic32c/8.3.1/../../../../pic32c/lib/thumb/v7e-m+fp/hard\libc-musl.a(strrchr.o)
 .comment       0x0000002b       0x2c c:/program files/microchip/xc32/v4.35/bin/bin/../../lib/gcc/pic32c/8.3.1/../../../../pic32c/lib/thumb/v7e-m+fp/hard\libc-musl.a(strtok.o)
 .comment       0x0000002b       0x2c c:/program files/microchip/xc32/v4.35/bin/bin/../../lib/gcc/pic32c/8.3.1/../../../../pic32c/lib/thumb/v7e-m+fp/hard\libc-musl.a(gmtime.o)
 .comment       0x0000002b       0x2c c:/program files/microchip/xc32/v4.35/bin/bin/../../lib/gcc/pic32c/8.3.1/../../../../pic32c/lib/thumb/v7e-m+fp/hard\libc-musl.a(gmtime_r.o)
 .comment       0x0000002b       0x2c c:/program files/microchip/xc32/v4.35/bin/bin/../../lib/gcc/pic32c/8.3.1/../../../../pic32c/lib/thumb/v7e-m+fp/hard\libc-musl.a(time.o)
 .comment       0x0000002b       0x2c c:/program files/microchip/xc32/v4.35/bin/bin/../../lib/gcc/pic32c/8.3.1/../../../../pic32c/lib/thumb/v7e-m+fp/hard\libc-musl.a(__environ.o)
 .comment       0x0000002b       0x2c c:/program files/microchip/xc32/v4.35/bin/bin/../../lib/gcc/pic32c/8.3.1/../../../../pic32c/lib/thumb/v7e-m+fp/hard\libc-musl.a(__errno_location.o)
 .comment       0x0000002b       0x2c c:/program files/microchip/xc32/v4.35/bin/bin/../../lib/gcc/pic32c/8.3.1/../../../../pic32c/lib/thumb/v7e-m+fp/hard\libc-musl.a(intscan.o)
 .comment       0x0000002b       0x2c c:/program files/microchip/xc32/v4.35/bin/bin/../../lib/gcc/pic32c/8.3.1/../../../../pic32c/lib/thumb/v7e-m+fp/hard\libc-musl.a(shgetc.o)
 .comment       0x0000002b       0x2c c:/program files/microchip/xc32/v4.35/bin/bin/../../lib/gcc/pic32c/8.3.1/../../../../pic32c/lib/thumb/v7e-m+fp/hard\libc-musl.a(__uflow.o)
 .comment       0x0000002b       0x2c c:/program files/microchip/xc32/v4.35/bin/bin/../../lib/gcc/pic32c/8.3.1/../../../../pic32c/lib/thumb/v7e-m+fp/hard\libc-musl.a(vfprintf.o)
 .comment       0x0000002b       0x2c c:/program files/microchip/xc32/v4.35/bin/bin/../../lib/gcc/pic32c/8.3.1/../../../../pic32c/lib/thumb/v7e-m+fp/hard\libc-musl.a(memrchr.o)
 .comment       0x0000002b       0x2c c:/program files/microchip/xc32/v4.35/bin/bin/../../lib/gcc/pic32c/8.3.1/../../../../pic32c/lib/thumb/v7e-m+fp/hard\libc-musl.a(stpcpy.o)
 .comment       0x0000002b       0x2c c:/program files/microchip/xc32/v4.35/bin/bin/../../lib/gcc/pic32c/8.3.1/../../../../pic32c/lib/thumb/v7e-m+fp/hard\libc-musl.a(stpncpy.o)
 .comment       0x0000002b       0x2c c:/program files/microchip/xc32/v4.35/bin/bin/../../lib/gcc/pic32c/8.3.1/../../../../pic32c/lib/thumb/v7e-m+fp/hard\libc-musl.a(strcspn.o)
 .comment       0x0000002b       0x2c c:/program files/microchip/xc32/v4.35/bin/bin/../../lib/gcc/pic32c/8.3.1/../../../../pic32c/lib/thumb/v7e-m+fp/hard\libc-musl.a(strspn.o)
 .comment       0x0000002b       0x2c c:/program files/microchip/xc32/v4.35/bin/bin/../../lib/gcc/pic32c/8.3.1/../../../../pic32c/lib/thumb/v7e-m+fp/hard\libc-musl.a(__secs_to_tm.o)
 .comment       0x0000002b       0x2c c:/program files/microchip/xc32/v4.35/bin/bin/../../lib/gcc/pic32c/8.3.1/../../../../pic32c/lib/thumb/v7e-m+fp/hard\libc-musl.a(clock_gettime.o)
 .comment       0x0000002b       0x2c c:/program files/microchip/xc32/v4.35/bin/bin/../../lib/gcc/pic32c/8.3.1/../../../../pic32c/lib/thumb/v7e-m+fp/hard\libc-musl.a(gettimeofday.o)
 .comment       0x0000002b       0x2c c:/program files/microchip/xc32/v4.35/bin/bin/../../lib/gcc/pic32c/8.3.1/../../../../pic32c/lib/thumb/v7e-m+fp/hard\libc-musl.a(syscall_ret.o)
 .comment       0x0000002b       0x2c c:/program files/microchip/xc32/v4.35/bin/bin/../../lib/gcc/pic32c/8.3.1/../../../../pic32c/lib/thumb/v7e-m+fp/hard\libc-musl.a(__toread.o)
 .comment       0x0000002b       0x2c c:/program files/microchip/xc32/v4.35/bin/bin/../../lib/gcc/pic32c/8.3.1/../../../../pic32c/lib/thumb/v7e-m+fp/hard\libc-musl.a(__io_fmt_needed.o)
 .comment       0x0000002b       0x2c c:/program files/microchip/xc32/v4.35/bin/bin/../../lib/gcc/pic32c/8.3.1/../../../../pic32c/lib/thumb/v7e-m+fp/hard\libc-musl.a(__pop_float.o)
 .comment       0x0000002b       0x2c c:/program files/microchip/xc32/v4.35/bin/bin/../../lib/gcc/pic32c/8.3.1/../../../../pic32c/lib/thumb/v7e-m+fp/hard\libc-musl.a(__pop_int.o)
 .comment       0x0000002b       0x2c c:/program files/microchip/xc32/v4.35/bin/bin/../../lib/gcc/pic32c/8.3.1/../../../../pic32c/lib/thumb/v7e-m+fp/hard\libc-musl.a(__pop_ptr.o)
 .comment       0x0000002b       0x2c c:/program files/microchip/xc32/v4.35/bin/bin/../../lib/gcc/pic32c/8.3.1/../../../../pic32c/lib/thumb/v7e-m+fp/hard\libc-musl.a(__printf_core.o)
 .comment       0x0000002b       0x2c c:/program files/microchip/xc32/v4.35/bin/bin/../../lib/gcc/pic32c/8.3.1/../../../../pic32c/lib/thumb/v7e-m+fp/hard\libc-musl.a(__stdio_exit.o)
 .comment       0x0000002b       0x2c c:/program files/microchip/xc32/v4.35/bin/bin/../../lib/gcc/pic32c/8.3.1/../../../../pic32c/lib/thumb/v7e-m+fp/hard\libc-musl.a(__fmt_a.o)
 .comment       0x0000002b       0x2c c:/program files/microchip/xc32/v4.35/bin/bin/../../lib/gcc/pic32c/8.3.1/../../../../pic32c/lib/thumb/v7e-m+fp/hard\libc-musl.a(__fmt_d.o)
 .comment       0x0000002b       0x2c c:/program files/microchip/xc32/v4.35/bin/bin/../../lib/gcc/pic32c/8.3.1/../../../../pic32c/lib/thumb/v7e-m+fp/hard\libc-musl.a(__fmt_fp.o)
 .comment       0x0000002b       0x2c c:/program files/microchip/xc32/v4.35/bin/bin/../../lib/gcc/pic32c/8.3.1/../../../../pic32c/lib/thumb/v7e-m+fp/hard\libc-musl.a(__fmt_o.o)
 .comment       0x0000002b       0x2c c:/program files/microchip/xc32/v4.35/bin/bin/../../lib/gcc/pic32c/8.3.1/../../../../pic32c/lib/thumb/v7e-m+fp/hard\libc-musl.a(__fmt_s.o)
 .comment       0x0000002b       0x2c c:/program files/microchip/xc32/v4.35/bin/bin/../../lib/gcc/pic32c/8.3.1/../../../../pic32c/lib/thumb/v7e-m+fp/hard\libc-musl.a(__fmt_u.o)
 .comment       0x0000002b       0x2c c:/program files/microchip/xc32/v4.35/bin/bin/../../lib/gcc/pic32c/8.3.1/../../../../pic32c/lib/thumb/v7e-m+fp/hard\libc-musl.a(__fmt_x.o)
 .comment       0x0000002b       0x2c c:/program files/microchip/xc32/v4.35/bin/bin/../../lib/gcc/pic32c/8.3.1/../../../../pic32c/lib/thumb/v7e-m+fp/hard\libc-musl.a(__cvt_u.o)
 .comment       0x0000002b       0x2c c:/program files/microchip/xc32/v4.35/bin/bin/../../lib/gcc/pic32c/8.3.1/../../../../pic32c/lib/thumb/v7e-m+fp/hard\libm-fast-emfloat.a(fma.o)
 .comment       0x0000002b       0x2c c:/program files/microchip/xc32/v4.35/bin/bin/../../lib/gcc/pic32c/8.3.1/../../../../pic32c/lib/thumb/v7e-m+fp/hard\libm-fast-emfloat.a(floor.o)
 .comment       0x0000002b       0x2c c:/program files/microchip/xc32/v4.35/bin/bin/../../lib/gcc/pic32c/8.3.1/thumb/v7e-m+fp/hard\libgcc.a(_udivmoddi4.o)
 .comment       0x0000002b       0x2c c:/program files/microchip/xc32/v4.35/bin/bin/../../lib/gcc/pic32c/8.3.1/../../../../pic32c/lib/thumb/v7e-m+fp/hard\libpic32c.a(sbrk.o)
 .comment       0x0000002b       0x2c c:/program files/microchip/xc32/v4.35/bin/bin/../../lib/gcc/pic32c/8.3.1/thumb/v7e-m+fp/hard/crtend.o
 .comment       0x0000002b       0x2c c:/program files/microchip/xc32/v4.35/bin/bin/../../lib/gcc/pic32c/8.3.1/../../../../pic32c/lib/thumb/v7e-m+fp/hard\libpic32c.a(pic32_data_init_clear.o)
 .comment       0x0000002b       0x2c c:/program files/microchip/xc32/v4.35/bin/bin/../../lib/gcc/pic32c/8.3.1/../../../../pic32c/lib/thumb/v7e-m+fp/hard\libpic32c.a(pic32_data_init_copy.o)

.debug_info     0x00000000   0x11a672
 .debug_info    0x00000000     0x40c1 build/default/production/_ext/1645245335/crypto.o
 .debug_info    0x000040c1     0x55a2 build/default/production/_ext/1319885263/tc6.o
 .debug_info    0x00009663     0x9120 build/default/production/_ext/181894553/drv_lan865x_api.o
 .debug_info    0x00012783     0x4ea0 build/default/production/_ext/2070931557/drv_spi.o
 .debug_info    0x00017623      0x682 build/default/production/_ext/1033058136/helpers.o
 .debug_info    0x00017ca5     0xdbbd build/default/production/_ext/1033058136/tcpip_manager.o
 .debug_info    0x00025862     0x23f7 build/default/production/_ext/1033058136/tcpip_heap_internal.o
 .debug_info    0x00027c59     0x8585 build/default/production/_ext/1033058136/dns.o
 .debug_info    0x000301de     0xa833 build/default/production/_ext/1033058136/udp.o
 .debug_info    0x0003aa11     0x4953 build/default/production/_ext/1033058136/icmp.o
 .debug_info    0x0003f364     0x80d8 build/default/production/_ext/1033058136/tcpip_commands.o
 .debug_info    0x0004743c      0xd99 build/default/production/_ext/1033058136/tcpip_notify.o
 .debug_info    0x000481d5     0xc8fc build/default/production/_ext/1033058136/tcp.o
 .debug_info    0x00054ad1     0x3aa8 build/default/production/_ext/1033058136/tcpip_packet.o
 .debug_info    0x00058579     0x6b0f build/default/production/_ext/1033058136/tcpip_helpers.o
 .debug_info    0x0005f088     0x7e3e build/default/production/_ext/1033058136/ipv4.o
 .debug_info    0x00066ec6      0x824 build/default/production/_ext/1033058136/dhcp.o
 .debug_info    0x000676ea      0x3e8 build/default/production/_ext/1033058136/hash_fnv.o
 .debug_info    0x00067ad2      0xb7e build/default/production/_ext/1033058136/oahash.o
 .debug_info    0x00068650     0x80d9 build/default/production/_ext/1033058136/iperf.o
 .debug_info    0x00070729     0x71a0 build/default/production/_ext/1033058136/arp.o
 .debug_info    0x000778c9      0xd26 build/default/production/_ext/1033058136/tcpip_heap_alloc.o
 .debug_info    0x000785ef      0xb0f build/default/production/_ext/1984496892/plib_clock.o
 .debug_info    0x000790fe      0x4e4 build/default/production/_ext/1865131932/plib_cmcc.o
 .debug_info    0x000795e2     0x125f build/default/production/_ext/1865161661/plib_dmac.o
 .debug_info    0x0007a841      0x2d1 build/default/production/_ext/1986646378/plib_evsys.o
 .debug_info    0x0007ab12     0x17d0 build/default/production/_ext/1865468468/plib_nvic.o
 .debug_info    0x0007c2e2      0xe52 build/default/production/_ext/1593096446/plib_nvmctrl.o
 .debug_info    0x0007d134      0xd7f build/default/production/_ext/1865521619/plib_port.o
 .debug_info    0x0007deb3     0x1572 build/default/production/_ext/17022449/plib_sercom1_spi_master.o
 .debug_info    0x0007f425     0x2336 build/default/production/_ext/504274921/plib_sercom5_usart.o
 .debug_info    0x0008175b      0xc51 build/default/production/_ext/829342655/plib_tc0.o
 .debug_info    0x000823ac      0x2dd build/default/production/_ext/163028504/xc32_monitor.o
 .debug_info    0x00082689      0x4fb build/default/production/_ext/1014039709/sys_cache.o
 .debug_info    0x00082b84     0x2b86 build/default/production/_ext/1376093119/sys_command.o
 .debug_info    0x0008570a     0x145d build/default/production/_ext/1832805299/sys_console.o
 .debug_info    0x00086b67     0x1973 build/default/production/_ext/1832805299/sys_console_uart.o
 .debug_info    0x000884da      0x75b build/default/production/_ext/944882569/sys_debug.o
 .debug_info    0x00088c35      0x934 build/default/production/_ext/14461671/sys_dma.o
 .debug_info    0x00089569     0x10a3 build/default/production/_ext/1881668453/sys_int.o
 .debug_info    0x0008a60c      0x55f build/default/production/_ext/1000052432/sys_reset.o
 .debug_info    0x0008ab6b     0x33dd build/default/production/_ext/101884895/sys_time.o
 .debug_info    0x0008df48      0x61c build/default/production/_ext/753841488/sys_time_h2_adapter.o
 .debug_info    0x0008e564      0xea5 build/default/production/_ext/753841488/sys_random_h2_adapter.o
 .debug_info    0x0008f409      0x850 build/default/production/_ext/1171490990/startup_xc32.o
 .debug_info    0x0008fc59     0x6bfc build/default/production/_ext/1171490990/initialization.o
 .debug_info    0x00096855      0x393 build/default/production/_ext/1171490990/exceptions.o
 .debug_info    0x00096be8      0x2c2 build/default/production/_ext/1171490990/libc_syscalls.o
 .debug_info    0x00096eaa     0x16f0 build/default/production/_ext/1171490990/interrupts.o
 .debug_info    0x0009859a      0x3e1 build/default/production/_ext/1171490990/tasks.o
 .debug_info    0x0009897b      0x2c0 build/default/production/_ext/172253694/crypt_aes_u2238.o
 .debug_info    0x00098c3b      0x2c5 build/default/production/_ext/172253694/crypt_sha512_sam6156.o
 .debug_info    0x00098f00      0x2c0 build/default/production/_ext/172253694/crypt_rng_u2242.o
 .debug_info    0x000991c0      0x2c6 build/default/production/_ext/172253694/crypt_sha224_sam11105.o
 .debug_info    0x00099486      0x2c2 build/default/production/_ext/172253694/crypt_aes_sam6149.o
 .debug_info    0x00099748      0x2c4 build/default/production/_ext/172253694/crypt_sha1_sam11105.o
 .debug_info    0x00099a0c      0x2b2 build/default/production/_ext/172253694/crypt_ecc_ba414e.o
 .debug_info    0x00099cbe      0x2c0 build/default/production/_ext/172253694/crypt_ecc_pukcl.o
 .debug_info    0x00099f7e      0x2c5 build/default/production/_ext/172253694/crypt_sha256_sam6156.o
 .debug_info    0x0009a243      0x2b4 build/default/production/_ext/172253694/crypt_tdes_sam6150.o
 .debug_info    0x0009a4f7     0x2570 build/default/production/_ext/172253694/crypt_wolfcryptcb.o
 .debug_info    0x0009ca67      0x2be build/default/production/_ext/172253694/pic32mz-crypt.o
 .debug_info    0x0009cd25      0x2c3 build/default/production/_ext/172253694/crypt_sha1_sam6156.o
 .debug_info    0x0009cfe8      0x2c6 build/default/production/_ext/172253694/crypt_sha256_sam11105.o
 .debug_info    0x0009d2ae      0x2c2 build/default/production/_ext/172253694/crypt_rng_sam6334.o
 .debug_info    0x0009d570      0x2c0 build/default/production/_ext/172253694/crypt_rsa_pukcl.o
 .debug_info    0x0009d830      0x2b1 build/default/production/_ext/172253694/crypt_sam_u2803.o
 .debug_info    0x0009dae1      0x2c5 build/default/production/_ext/172253694/crypt_sha384_sam6156.o
 .debug_info    0x0009dda6      0x2c5 build/default/production/_ext/172253694/crypt_sha224_sam6156.o
 .debug_info    0x0009e06b     0x28f5 build/default/production/_ext/172253694/crypt_pukcl_functions.o
 .debug_info    0x000a0960      0x2ac build/default/production/_ext/1664057780/pkcs12.o
 .debug_info    0x000a0c0c      0x2b1 build/default/production/_ext/1664057780/sp_armthumb.o
 .debug_info    0x000a0ebd      0x2a9 build/default/production/_ext/1664057780/evp.o
 .debug_info    0x000a1166      0x2a9 build/default/production/_ext/1664057780/md2.o
 .debug_info    0x000a140f      0x2a9 build/default/production/_ext/1664057780/kdf.o
 .debug_info    0x000a16b8      0x2ac build/default/production/_ext/1664057780/chacha.o
 .debug_info    0x000a1964     0xc178 build/default/production/_ext/1664057780/ecc.o
 .debug_info    0x000adadc     0x11de build/default/production/_ext/1664057780/wc_port.o
 .debug_info    0x000aecba      0x2b7 build/default/production/_ext/1664057780/chacha20_poly1305.o
 .debug_info    0x000aef71      0x2ad build/default/production/_ext/1664057780/blake2b.o
 .debug_info    0x000af21e      0x2ac build/default/production/_ext/1664057780/ge_448.o
 .debug_info    0x000af4ca      0x2ac build/default/production/_ext/1664057780/sha512.o
 .debug_info    0x000af776      0x2af build/default/production/_ext/1664057780/signature.o
 .debug_info    0x000afa25      0x2a9 build/default/production/_ext/1664057780/rc2.o
 .debug_info    0x000afcce     0x407a build/default/production/_ext/1664057780/random.o
 .debug_info    0x000b3d48      0x2a9 build/default/production/_ext/1664057780/md4.o
 .debug_info    0x000b3ff1      0x2ad build/default/production/_ext/1664057780/ed25519.o
 .debug_info    0x000b429e      0x2ad build/default/production/_ext/1664057780/blake2s.o
 .debug_info    0x000b454b      0x2ac build/default/production/_ext/1664057780/memory.o
 .debug_info    0x000b47f7      0x2ae build/default/production/_ext/1664057780/curve448.o
 .debug_info    0x000b4aa5      0xffc build/default/production/_ext/1664057780/logging.o
 .debug_info    0x000b5aa1     0x5616 build/default/production/_ext/1664057780/rsa.o
 .debug_info    0x000bb0b7      0x2ae build/default/production/_ext/1664057780/pwdbased.o
 .debug_info    0x000bb365      0x2ae build/default/production/_ext/1664057780/poly1305.o
 .debug_info    0x000bb613      0x2ab build/default/production/_ext/1664057780/sakke.o
 .debug_info    0x000bb8be      0x2ab build/default/production/_ext/1664057780/eccsi.o
 .debug_info    0x000bbb69      0x2af build/default/production/_ext/1664057780/wolfevent.o
 .debug_info    0x000bbe18      0x2ae build/default/production/_ext/1664057780/compress.o
 .debug_info    0x000bc0c6    0x1551c build/default/production/_ext/1664057780/asn.o
 .debug_info    0x000d15e2      0x2aa build/default/production/_ext/1664057780/cmac.o
 .debug_info    0x000d188c      0x2aa build/default/production/_ext/1664057780/misc.o
 .debug_info    0x000d1b36     0x1b35 build/default/production/_ext/1664057780/coding.o
 .debug_info    0x000d366b      0x2a9 build/default/production/_ext/1664057780/asm.o
 .debug_info    0x000d3914      0x2ac build/default/production/_ext/1664057780/ripemd.o
 .debug_info    0x000d3bc0      0x2a8 build/default/production/_ext/1664057780/dh.o
 .debug_info    0x000d3e68     0x24c3 build/default/production/_ext/1664057780/hmac.o
 .debug_info    0x000d632b      0x2af build/default/production/_ext/1664057780/wc_pkcs11.o
 .debug_info    0x000d65da      0x2ab build/default/production/_ext/1664057780/error.o
 .debug_info    0x000d6885      0x2ab build/default/production/_ext/1664057780/pkcs7.o
 .debug_info    0x000d6b30      0x2b0 build/default/production/_ext/1664057780/fe_low_mem.o
 .debug_info    0x000d6de0      0x2aa build/default/production/_ext/1664057780/sha3.o
 .debug_info    0x000d708a      0x2ae build/default/production/_ext/1664057780/camellia.o
 .debug_info    0x000d7338     0xb616 build/default/production/_ext/1664057780/tfm.o
 .debug_info    0x000e294e      0x2ae build/default/production/_ext/1664057780/sp_dsp32.o
 .debug_info    0x000e2bfc      0x2ac build/default/production/_ext/1664057780/falcon.o
 .debug_info    0x000e2ea8      0x2ad build/default/production/_ext/1664057780/siphash.o
 .debug_info    0x000e3155     0x1722 build/default/production/_ext/1664057780/wolfmath.o
 .debug_info    0x000e4877      0x2a9 build/default/production/_ext/1664057780/srp.o
 .debug_info    0x000e4b20     0x460b build/default/production/_ext/1664057780/sha.o
 .debug_info    0x000e912b      0x2ae build/default/production/_ext/1664057780/sp_arm64.o
 .debug_info    0x000e93d9     0x3be2 build/default/production/_ext/1664057780/sha256.o
 .debug_info    0x000ecfbb     0x3008 build/default/production/_ext/1664057780/des3.o
 .debug_info    0x000effc3      0x2b0 build/default/production/_ext/1664057780/sp_cortexm.o
 .debug_info    0x000f0273      0x2ad build/default/production/_ext/1664057780/integer.o
 .debug_info    0x000f0520      0x2b3 build/default/production/_ext/1664057780/fe_operations.o
 .debug_info    0x000f07d3      0x2b0 build/default/production/_ext/1664057780/curve25519.o
 .debug_info    0x000f0a83      0x2ab build/default/production/_ext/1664057780/ed448.o
 .debug_info    0x000f0d2e      0x2ab build/default/production/_ext/1664057780/cpuid.o
 .debug_info    0x000f0fd9      0x2af build/default/production/_ext/1664057780/sp_x86_64.o
 .debug_info    0x000f1288      0x2ac build/default/production/_ext/1664057780/sp_int.o
 .debug_info    0x000f1534      0x2ac build/default/production/_ext/1664057780/wc_dsp.o
 .debug_info    0x000f17e0     0x8a1e build/default/production/_ext/1664057780/aes.o
 .debug_info    0x000fa1fe      0x2b3 build/default/production/_ext/1664057780/ge_operations.o
 .debug_info    0x000fa4b1      0x2b0 build/default/production/_ext/1664057780/ge_low_mem.o
 .debug_info    0x000fa761     0x2633 build/default/production/_ext/1664057780/md5.o
 .debug_info    0x000fcd94     0x24d8 build/default/production/_ext/1664057780/hash.o
 .debug_info    0x000ff26c      0x2a9 build/default/production/_ext/1664057780/dsa.o
 .debug_info    0x000ff515     0x1b95 build/default/production/_ext/1664057780/wc_encrypt.o
 .debug_info    0x001010aa      0x2ac build/default/production/_ext/1664057780/sp_c64.o
 .debug_info    0x00101356     0x55a3 build/default/production/_ext/1664057780/cryptocb.o
 .debug_info    0x001068f9      0x2aa build/default/production/_ext/1664057780/arc4.o
 .debug_info    0x00106ba3      0x2ac build/default/production/_ext/1664057780/sp_c32.o
 .debug_info    0x00106e4f      0x2ac build/default/production/_ext/1664057780/fe_448.o
 .debug_info    0x001070fb      0x2ae build/default/production/_ext/1664057780/sp_arm32.o
 .debug_info    0x001073a9      0x2ea build/default/production/_ext/1360937237/main.o
 .debug_info    0x00107693      0x38b build/default/production/_ext/1360937237/app.o
 .debug_info    0x00107a1e      0x2c3 c:/program files/microchip/xc32/v4.35/bin/bin/../../lib/gcc/pic32c/8.3.1/../../../../pic32c/lib/thumb/v7e-m+fp/hard\libpic32c.a(data_init.o)
 .debug_info    0x00107ce1      0x353 c:/program files/microchip/xc32/v4.35/bin/bin/../../lib/gcc/pic32c/8.3.1/../../../../pic32c/lib/thumb/v7e-m+fp/hard\libc-musl.a(isxdigit.o)
 .debug_info    0x00108034      0x350 c:/program files/microchip/xc32/v4.35/bin/bin/../../lib/gcc/pic32c/8.3.1/../../../../pic32c/lib/thumb/v7e-m+fp/hard\libc-musl.a(tolower.o)
 .debug_info    0x00108384      0x350 c:/program files/microchip/xc32/v4.35/bin/bin/../../lib/gcc/pic32c/8.3.1/../../../../pic32c/lib/thumb/v7e-m+fp/hard\libc-musl.a(toupper.o)
 .debug_info    0x001086d4      0x620 c:/program files/microchip/xc32/v4.35/bin/bin/../../lib/gcc/pic32c/8.3.1/../../../../pic32c/lib/thumb/v7e-m+fp/hard\libc-musl.a(__libc_start_main.o)
 .debug_info    0x00108cf4      0x532 c:/program files/microchip/xc32/v4.35/bin/bin/../../lib/gcc/pic32c/8.3.1/../../../../pic32c/lib/thumb/v7e-m+fp/hard\libc-musl.a(libc.o)
 .debug_info    0x00109226      0x2dc c:/program files/microchip/xc32/v4.35/bin/bin/../../lib/gcc/pic32c/8.3.1/../../../../pic32c/lib/thumb/v7e-m+fp/hard\libc-musl.a(calloc.o)
 .debug_info    0x00109502     0x13a2 c:/program files/microchip/xc32/v4.35/bin/bin/../../lib/gcc/pic32c/8.3.1/../../../../pic32c/lib/thumb/v7e-m+fp/hard\libc-musl.a(malloc.o)
 .debug_info    0x0010a8a4      0x379 c:/program files/microchip/xc32/v4.35/bin/bin/../../lib/gcc/pic32c/8.3.1/../../../../pic32c/lib/thumb/v7e-m+fp/hard\libc-musl.a(expand_heap.o)
 .debug_info    0x0010ac1d      0x329 c:/program files/microchip/xc32/v4.35/bin/bin/../../lib/gcc/pic32c/8.3.1/../../../../pic32c/lib/thumb/v7e-m+fp/hard\libc-musl.a(rand.o)
 .debug_info    0x0010af46      0x6fe c:/program files/microchip/xc32/v4.35/bin/bin/../../lib/gcc/pic32c/8.3.1/../../../../pic32c/lib/thumb/v7e-m+fp/hard\libc-musl.a(vsnprintf.o)
 .debug_info    0x0010b644      0x344 c:/program files/microchip/xc32/v4.35/bin/bin/../../lib/gcc/pic32c/8.3.1/../../../../pic32c/lib/thumb/v7e-m+fp/hard\libc-musl.a(snprintf.o)
 .debug_info    0x0010b988      0x31a c:/program files/microchip/xc32/v4.35/bin/bin/../../lib/gcc/pic32c/8.3.1/../../../../pic32c/lib/thumb/v7e-m+fp/hard\libc-musl.a(sprintf.o)
 .debug_info    0x0010bca2      0x314 c:/program files/microchip/xc32/v4.35/bin/bin/../../lib/gcc/pic32c/8.3.1/../../../../pic32c/lib/thumb/v7e-m+fp/hard\libc-musl.a(vsprintf.o)
 .debug_info    0x0010bfb6      0x2f8 c:/program files/microchip/xc32/v4.35/bin/bin/../../lib/gcc/pic32c/8.3.1/../../../../pic32c/lib/thumb/v7e-m+fp/hard\libc-musl.a(atoi.o)
 .debug_info    0x0010c2ae      0x9f0 c:/program files/microchip/xc32/v4.35/bin/bin/../../lib/gcc/pic32c/8.3.1/../../../../pic32c/lib/thumb/v7e-m+fp/hard\libc-musl.a(strtol.o)
 .debug_info    0x0010cc9e      0x2df c:/program files/microchip/xc32/v4.35/bin/bin/../../lib/gcc/pic32c/8.3.1/../../../../pic32c/lib/thumb/v7e-m+fp/hard\libc-musl.a(memcmp.o)
 .debug_info    0x0010cf7d      0x2f8 c:/program files/microchip/xc32/v4.35/bin/bin/../../lib/gcc/pic32c/8.3.1/../../../../pic32c/lib/thumb/v7e-m+fp/hard\libc-musl.a(memcpy.o)
 .debug_info    0x0010d275      0x2fa c:/program files/microchip/xc32/v4.35/bin/bin/../../lib/gcc/pic32c/8.3.1/../../../../pic32c/lib/thumb/v7e-m+fp/hard\libc-musl.a(memmove.o)
 .debug_info    0x0010d56f      0x2bc c:/program files/microchip/xc32/v4.35/bin/bin/../../lib/gcc/pic32c/8.3.1/../../../../pic32c/lib/thumb/v7e-m+fp/hard\libc-musl.a(memset.o)
 .debug_info    0x0010d82b      0x2a7 c:/program files/microchip/xc32/v4.35/bin/bin/../../lib/gcc/pic32c/8.3.1/../../../../pic32c/lib/thumb/v7e-m+fp/hard\libc-musl.a(strlen.o)
 .debug_info    0x0010dad2      0x2c5 c:/program files/microchip/xc32/v4.35/bin/bin/../../lib/gcc/pic32c/8.3.1/../../../../pic32c/lib/thumb/v7e-m+fp/hard\libc-musl.a(strchr.o)
 .debug_info    0x0010dd97      0x38d c:/program files/microchip/xc32/v4.35/bin/bin/../../lib/gcc/pic32c/8.3.1/../../../../pic32c/lib/thumb/v7e-m+fp/hard\libc-musl.a(strchrnul.o)
 .debug_info    0x0010e124      0x288 c:/program files/microchip/xc32/v4.35/bin/bin/../../lib/gcc/pic32c/8.3.1/../../../../pic32c/lib/thumb/v7e-m+fp/hard\libc-musl.a(strcmp.o)
 .debug_info    0x0010e3ac      0x2b1 c:/program files/microchip/xc32/v4.35/bin/bin/../../lib/gcc/pic32c/8.3.1/../../../../pic32c/lib/thumb/v7e-m+fp/hard\libc-musl.a(strcpy.o)
 .debug_info    0x0010e65d      0x2ed c:/program files/microchip/xc32/v4.35/bin/bin/../../lib/gcc/pic32c/8.3.1/../../../../pic32c/lib/thumb/v7e-m+fp/hard\libc-musl.a(strncmp.o)
 .debug_info    0x0010e94a      0x2d6 c:/program files/microchip/xc32/v4.35/bin/bin/../../lib/gcc/pic32c/8.3.1/../../../../pic32c/lib/thumb/v7e-m+fp/hard\libc-musl.a(strncpy.o)
 .debug_info    0x0010ec20      0x2df c:/program files/microchip/xc32/v4.35/bin/bin/../../lib/gcc/pic32c/8.3.1/../../../../pic32c/lib/thumb/v7e-m+fp/hard\libc-musl.a(strrchr.o)
 .debug_info    0x0010eeff      0x2f3 c:/program files/microchip/xc32/v4.35/bin/bin/../../lib/gcc/pic32c/8.3.1/../../../../pic32c/lib/thumb/v7e-m+fp/hard\libc-musl.a(strtok.o)
 .debug_info    0x0010f1f2      0x3d0 c:/program files/microchip/xc32/v4.35/bin/bin/../../lib/gcc/pic32c/8.3.1/../../../../pic32c/lib/thumb/v7e-m+fp/hard\libc-musl.a(gmtime.o)
 .debug_info    0x0010f5c2      0x3fa c:/program files/microchip/xc32/v4.35/bin/bin/../../lib/gcc/pic32c/8.3.1/../../../../pic32c/lib/thumb/v7e-m+fp/hard\libc-musl.a(gmtime_r.o)
 .debug_info    0x0010f9bc      0x318 c:/program files/microchip/xc32/v4.35/bin/bin/../../lib/gcc/pic32c/8.3.1/../../../../pic32c/lib/thumb/v7e-m+fp/hard\libc-musl.a(time.o)
 .debug_info    0x0010fcd4      0x2ac c:/program files/microchip/xc32/v4.35/bin/bin/../../lib/gcc/pic32c/8.3.1/../../../../pic32c/lib/thumb/v7e-m+fp/hard\libc-musl.a(__environ.o)
 .debug_info    0x0010ff80      0x270 c:/program files/microchip/xc32/v4.35/bin/bin/../../lib/gcc/pic32c/8.3.1/../../../../pic32c/lib/thumb/v7e-m+fp/hard\libc-musl.a(__errno_location.o)
 .debug_info    0x001101f0      0x84a c:/program files/microchip/xc32/v4.35/bin/bin/../../lib/gcc/pic32c/8.3.1/../../../../pic32c/lib/thumb/v7e-m+fp/hard\libc-musl.a(intscan.o)
 .debug_info    0x00110a3a      0x641 c:/program files/microchip/xc32/v4.35/bin/bin/../../lib/gcc/pic32c/8.3.1/../../../../pic32c/lib/thumb/v7e-m+fp/hard\libc-musl.a(shgetc.o)